Archive member included to satisfy reference by file (symbol)

d:/joinnico/mounriver_studio/toolchain/risc-v embedded gcc/bin/../lib/gcc/riscv-none-embed/8.2.0/../../../../riscv-none-embed/lib/rv32imafc/ilp32f\libm.a(lib_a-s_cos.o)
                              ./zf_device/zf_device_gps_tau1201.o (cos)
d:/joinnico/mounriver_studio/toolchain/risc-v embedded gcc/bin/../lib/gcc/riscv-none-embed/8.2.0/../../../../riscv-none-embed/lib/rv32imafc/ilp32f\libm.a(lib_a-s_sin.o)
                              ./zf_device/zf_device_gps_tau1201.o (sin)
d:/joinnico/mounriver_studio/toolchain/risc-v embedded gcc/bin/../lib/gcc/riscv-none-embed/8.2.0/../../../../riscv-none-embed/lib/rv32imafc/ilp32f\libm.a(lib_a-w_asin.o)
                              ./zf_device/zf_device_gps_tau1201.o (asin)
d:/joinnico/mounriver_studio/toolchain/risc-v embedded gcc/bin/../lib/gcc/riscv-none-embed/8.2.0/../../../../riscv-none-embed/lib/rv32imafc/ilp32f\libm.a(lib_a-w_atan2.o)
                              ./zf_device/zf_device_gps_tau1201.o (atan2)
d:/joinnico/mounriver_studio/toolchain/risc-v embedded gcc/bin/../lib/gcc/riscv-none-embed/8.2.0/../../../../riscv-none-embed/lib/rv32imafc/ilp32f\libm.a(lib_a-w_sqrt.o)
                              ./zf_device/zf_device_gps_tau1201.o (sqrt)
d:/joinnico/mounriver_studio/toolchain/risc-v embedded gcc/bin/../lib/gcc/riscv-none-embed/8.2.0/../../../../riscv-none-embed/lib/rv32imafc/ilp32f\libm.a(lib_a-e_asin.o)
                              d:/joinnico/mounriver_studio/toolchain/risc-v embedded gcc/bin/../lib/gcc/riscv-none-embed/8.2.0/../../../../riscv-none-embed/lib/rv32imafc/ilp32f\libm.a(lib_a-w_asin.o) (__ieee754_asin)
d:/joinnico/mounriver_studio/toolchain/risc-v embedded gcc/bin/../lib/gcc/riscv-none-embed/8.2.0/../../../../riscv-none-embed/lib/rv32imafc/ilp32f\libm.a(lib_a-e_atan2.o)
                              d:/joinnico/mounriver_studio/toolchain/risc-v embedded gcc/bin/../lib/gcc/riscv-none-embed/8.2.0/../../../../riscv-none-embed/lib/rv32imafc/ilp32f\libm.a(lib_a-w_atan2.o) (__ieee754_atan2)
d:/joinnico/mounriver_studio/toolchain/risc-v embedded gcc/bin/../lib/gcc/riscv-none-embed/8.2.0/../../../../riscv-none-embed/lib/rv32imafc/ilp32f\libm.a(lib_a-e_rem_pio2.o)
                              d:/joinnico/mounriver_studio/toolchain/risc-v embedded gcc/bin/../lib/gcc/riscv-none-embed/8.2.0/../../../../riscv-none-embed/lib/rv32imafc/ilp32f\libm.a(lib_a-s_cos.o) (__ieee754_rem_pio2)
d:/joinnico/mounriver_studio/toolchain/risc-v embedded gcc/bin/../lib/gcc/riscv-none-embed/8.2.0/../../../../riscv-none-embed/lib/rv32imafc/ilp32f\libm.a(lib_a-e_sqrt.o)
                              d:/joinnico/mounriver_studio/toolchain/risc-v embedded gcc/bin/../lib/gcc/riscv-none-embed/8.2.0/../../../../riscv-none-embed/lib/rv32imafc/ilp32f\libm.a(lib_a-w_sqrt.o) (__ieee754_sqrt)
d:/joinnico/mounriver_studio/toolchain/risc-v embedded gcc/bin/../lib/gcc/riscv-none-embed/8.2.0/../../../../riscv-none-embed/lib/rv32imafc/ilp32f\libm.a(lib_a-k_cos.o)
                              d:/joinnico/mounriver_studio/toolchain/risc-v embedded gcc/bin/../lib/gcc/riscv-none-embed/8.2.0/../../../../riscv-none-embed/lib/rv32imafc/ilp32f\libm.a(lib_a-s_cos.o) (__kernel_cos)
d:/joinnico/mounriver_studio/toolchain/risc-v embedded gcc/bin/../lib/gcc/riscv-none-embed/8.2.0/../../../../riscv-none-embed/lib/rv32imafc/ilp32f\libm.a(lib_a-k_rem_pio2.o)
                              d:/joinnico/mounriver_studio/toolchain/risc-v embedded gcc/bin/../lib/gcc/riscv-none-embed/8.2.0/../../../../riscv-none-embed/lib/rv32imafc/ilp32f\libm.a(lib_a-e_rem_pio2.o) (__kernel_rem_pio2)
d:/joinnico/mounriver_studio/toolchain/risc-v embedded gcc/bin/../lib/gcc/riscv-none-embed/8.2.0/../../../../riscv-none-embed/lib/rv32imafc/ilp32f\libm.a(lib_a-k_sin.o)
                              d:/joinnico/mounriver_studio/toolchain/risc-v embedded gcc/bin/../lib/gcc/riscv-none-embed/8.2.0/../../../../riscv-none-embed/lib/rv32imafc/ilp32f\libm.a(lib_a-s_cos.o) (__kernel_sin)
d:/joinnico/mounriver_studio/toolchain/risc-v embedded gcc/bin/../lib/gcc/riscv-none-embed/8.2.0/../../../../riscv-none-embed/lib/rv32imafc/ilp32f\libm.a(lib_a-s_atan.o)
                              d:/joinnico/mounriver_studio/toolchain/risc-v embedded gcc/bin/../lib/gcc/riscv-none-embed/8.2.0/../../../../riscv-none-embed/lib/rv32imafc/ilp32f\libm.a(lib_a-e_atan2.o) (atan)
d:/joinnico/mounriver_studio/toolchain/risc-v embedded gcc/bin/../lib/gcc/riscv-none-embed/8.2.0/../../../../riscv-none-embed/lib/rv32imafc/ilp32f\libm.a(lib_a-s_fabs.o)
                              d:/joinnico/mounriver_studio/toolchain/risc-v embedded gcc/bin/../lib/gcc/riscv-none-embed/8.2.0/../../../../riscv-none-embed/lib/rv32imafc/ilp32f\libm.a(lib_a-w_asin.o) (fabs)
d:/joinnico/mounriver_studio/toolchain/risc-v embedded gcc/bin/../lib/gcc/riscv-none-embed/8.2.0/../../../../riscv-none-embed/lib/rv32imafc/ilp32f\libm.a(lib_a-s_floor.o)
[...]
Memory Configuration

Name             Origin             Length             Attributes
RAM              0x0000000020000000 0x0000000000020000 xrw
FLASH            0x0000000000000000 0x0000000000030000 xr
*default*        0x0000000000000000 0xffffffffffffffff

Linker script and memory map

LOAD ./zf_driver/zf_driver_adc.o
LOAD ./zf_driver/zf_driver_delay.o
LOAD ./zf_driver/zf_driver_dvp.o
LOAD ./zf_driver/zf_driver_encoder.o
LOAD ./zf_driver/zf_driver_exti.o
LOAD ./zf_driver/zf_driver_flash.o
LOAD ./zf_driver/zf_driver_gpio.o
LOAD ./zf_driver/zf_driver_iic.o
LOAD ./zf_driver/zf_driver_pit.o
LOAD ./zf_driver/zf_driver_pwm.o
LOAD ./zf_driver/zf_driver_soft_iic.o
LOAD ./zf_driver/zf_driver_soft_spi.o
LOAD ./zf_driver/zf_driver_spi.o
LOAD ./zf_driver/zf_driver_timer.o
LOAD ./zf_driver/zf_driver_uart.o
LOAD ./zf_driver/zf_driver_usb_cdc.o
LOAD ./zf_device/zf_device_absolute_encoder.o
LOAD ./zf_device/zf_device_aht20.o
LOAD ./zf_device/zf_device_bluetooth_ch9141.o
LOAD ./zf_device/zf_device_camera.o
LOAD ./zf_device/zf_device_dl1a.o
LOAD ./zf_device/zf_device_dm1xa.o
LOAD ./zf_device/zf_device_gps_tau1201.o
LOAD ./zf_device/zf_device_icm20602.o
LOAD ./zf_device/zf_device_imu660ra.o
LOAD ./zf_device/zf_device_imu963ra.o
LOAD ./zf_device/zf_device_ips114.o
LOAD ./zf_device/zf_device_ips200.o
LOAD ./zf_device/zf_device_k24c02.o
LOAD ./zf_device/zf_device_key.o
LOAD ./zf_device/zf_device_mpu6050.o
LOAD ./zf_device/zf_device_mt9v03x_dvp.o
LOAD ./zf_device/zf_device_oled.o
LOAD ./zf_device/zf_device_scc8660_dvp.o
LOAD ./zf_device/zf_device_tft180.o
LOAD ./zf_device/zf_device_type.o
LOAD ./zf_device/zf_device_virtual_oscilloscope.o
LOAD ./zf_device/zf_device_w25q32.o
LOAD ./zf_device/zf_device_wifi_uart.o
LOAD ./zf_device/zf_device_wireless_ch573.o
LOAD ./zf_device/zf_device_wireless_uart.o
LOAD ./zf_common/zf_common_clock.o
LOAD ./zf_common/zf_common_debug.o
LOAD ./zf_common/zf_common_fifo.o
LOAD ./zf_common/zf_common_font.o
LOAD ./zf_common/zf_common_function.o
LOAD ./zf_common/zf_common_interrupt.o
LOAD ./user_c/FreeRTOS_task.o
LOAD ./user_c/debug.o
LOAD ./user_c/isr.o
LOAD ./user_c/main.o
LOAD ./sdk/Startup/startup_ch32v30x_D8C.o
LOAD ./sdk/Peripheral/ch32v30x_adc.o
LOAD ./sdk/Peripheral/ch32v30x_bkp.o
LOAD ./sdk/Peripheral/ch32v30x_can.o
LOAD ./sdk/Peripheral/ch32v30x_crc.o
LOAD ./sdk/Peripheral/ch32v30x_dac.o
LOAD ./sdk/Peripheral/ch32v30x_dbgmcu.o
LOAD ./sdk/Peripheral/ch32v30x_dma.o
LOAD ./sdk/Peripheral/ch32v30x_dvp.o
LOAD ./sdk/Peripheral/ch32v30x_eth.o
LOAD ./sdk/Peripheral/ch32v30x_exti.o
LOAD ./sdk/Peripheral/ch32v30x_flash.o
LOAD ./sdk/Peripheral/ch32v30x_fsmc.o
LOAD ./sdk/Peripheral/ch32v30x_gpio.o
LOAD ./sdk/Peripheral/ch32v30x_i2c.o
LOAD ./sdk/Peripheral/ch32v30x_iwdg.o
LOAD ./sdk/Peripheral/ch32v30x_opa.o
LOAD ./sdk/Peripheral/ch32v30x_pwr.o
LOAD ./sdk/Peripheral/ch32v30x_rcc.o
LOAD ./sdk/Peripheral/ch32v30x_rng.o
LOAD ./sdk/Peripheral/ch32v30x_rtc.o
LOAD ./sdk/Peripheral/ch32v30x_sdio.o
LOAD ./sdk/Peripheral/ch32v30x_spi.o
LOAD ./sdk/Peripheral/ch32v30x_tim.o
LOAD ./sdk/Peripheral/ch32v30x_usart.o
LOAD ./sdk/Peripheral/ch32v30x_usbotg_device.o
LOAD ./sdk/Peripheral/ch32v30x_wwdg.o
LOAD ./sdk/Core/core_riscv.o
LOAD ./code/buzzer.o
LOAD ./code/camera.o
LOAD ./code/decision.o
LOAD ./code/ec11.o
LOAD ./code/encoder.o
LOAD ./code/filter.o
LOAD ./code/identify.o
LOAD ./code/imageplus.o
LOAD ./code/imu.o
LOAD ./code/motor.o
LOAD ./code/pid.o
LOAD ./code/smartcar.o
LOAD ./code/ui.o
LOAD ./code/vofa.o
LOAD ./FreeRTOS/portable/MemMang/heap_4.o
LOAD ./FreeRTOS/portable/GCC/RISC-V/port.o
LOAD ./FreeRTOS/portable/GCC/RISC-V/portASM.o
LOAD ./FreeRTOS/croutine.o
LOAD ./FreeRTOS/event_groups.o
LOAD ./FreeRTOS/list.o
LOAD ./FreeRTOS/queue.o
LOAD ./FreeRTOS/stream_buffer.o
LOAD ./FreeRTOS/tasks.o
LOAD ./FreeRTOS/timers.o
LOAD d:/joinnico/mounriver_studio/toolchain/risc-v embedded gcc/bin/../lib/gcc/riscv-none-embed/8.2.0/../../../../riscv-none-embed/lib/rv32imafc/ilp32f\libm.a
LOAD D:\Downloads\开发资料\runsmartcar\Demo_gyroscope07_19_cpcp\libraries\zf_device\libzf_device_config.a
LOAD d:/joinnico/mounriver_studio/toolchain/risc-v embedded gcc/bin/../lib/gcc/riscv-none-embed/8.2.0/rv32imafc/ilp32f\libgcc.a
LOAD d:/joinnico/mounriver_studio/toolchain/risc-v embedded gcc/bin/../lib/gcc/riscv-none-embed/8.2.0/../../../../riscv-none-embed/lib/rv32imafc/ilp32f\libg_nano.a
LOAD d:/joinnico/mounriver_studio/toolchain/risc-v embedded gcc/bin/../lib/gcc/riscv-none-embed/8.2.0/../../../../riscv-none-embed/lib/rv32imafc/ilp32f\libc_nano.a
LOAD d:/joinnico/mounriver_studio/toolchain/risc-v embedded gcc/bin/../lib/gcc/riscv-none-embed/8.2.0/rv32imafc/ilp32f\libgcc.a
START GROUP
LOAD d:/joinnico/mounriver_studio/toolchain/risc-v embedded gcc/bin/../lib/gcc/riscv-none-embed/8.2.0/rv32imafc/ilp32f\libgcc.a
LOAD d:/joinnico/mounriver_studio/toolchain/risc-v embedded gcc/bin/../lib/gcc/riscv-none-embed/8.2.0/../../../../riscv-none-embed/lib/rv32imafc/ilp32f\libc_nano.a
LOAD d:/joinnico/mounriver_studio/toolchain/risc-v embedded gcc/bin/../lib/gcc/riscv-none-embed/8.2.0/../../../../riscv-none-embed/lib/rv32imafc/ilp32f\libnosys.a
END GROUP
START GROUP
LOAD d:/joinnico/mounriver_studio/toolchain/risc-v embedded gcc/bin/../lib/gcc/riscv-none-embed/8.2.0/rv32imafc/ilp32f\libgcc.a
LOAD d:/joinnico/mounriver_studio/toolchain/risc-v embedded gcc/bin/../lib/gcc/riscv-none-embed/8.2.0/../../../../riscv-none-embed/lib/rv32imafc/ilp32f\libc_nano.a
LOAD d:/joinnico/mounriver_studio/toolchain/risc-v embedded gcc/bin/../lib/gcc/riscv-none-embed/8.2.0/../../../../riscv-none-embed/lib/rv32imafc/ilp32f\libnosys.a
END GROUP
                0x0000000000000800                __stack_size = 0x800
                [!provide]                        PROVIDE (_stack_size = __stack_size)

.init           0x0000000000000000        0x4
                0x0000000000000000                _sinit = .
                0x0000000000000000                . = ALIGN (0x4)
 *(SORT_NONE(.init))
 .init          0x0000000000000000        0x4 ./sdk/Startup/startup_ch32v30x_D8C.o
                0x0000000000000000                _start
                0x0000000000000004                . = ALIGN (0x4)
                0x0000000000000004                _einit = .

.vector         0x0000000000000004      0x1bc
 *(.vector)
 .vector        0x0000000000000004      0x1a0 ./sdk/Startup/startup_ch32v30x_D8C.o
                0x00000000000001c0                . = ALIGN (0x40)
 *fill*         0x00000000000001a4       0x1c 

.text           0x0000000000000200    0x16a78
                0x0000000000000200                . = ALIGN (0x4)
 *(.text)
 .text          0x0000000000000200      0x2e6 ./FreeRTOS/portable/GCC/RISC-V/portASM.o
                0x0000000000000200                SW_Handler
                0x0000000000000300                xPortStartFirstTask
                0x0000000000000400                pxPortInitialiseStack
 .text          0x00000000000004e6       0xa8 d:/joinnico/mounriver_studio/toolchain/risc-v embedded gcc/bin/../lib/gcc/riscv-none-embed/8.2.0/../../../../riscv-none-embed/lib/rv32imafc/ilp32f\libg_nano.a(lib_a-memset.o)
                0x00000000000004e6                memset
 *(.text.*)
 .text.adc_convert
                0x000000000000058e       0x60 ./zf_driver/zf_driver_adc.o
                0x000000000000058e                adc_convert
 .text.adc_mean_filter_convert
                0x00000000000005ee       0x54 ./zf_driver/zf_driver_adc.o
                0x00000000000005ee                adc_mean_filter_convert
 .text.adc_init
                0x0000000000000642       0xca ./zf_driver/zf_driver_adc.o
                0x0000000000000642                adc_init
 .text.system_delay_ms
                0x000000000000070c       0x4a ./zf_driver/zf_driver_delay.o
                0x000000000000070c                system_delay_ms
 .text.dvp_gpio_init
                0x0000000000000756       0xd2 ./zf_driver/zf_driver_dvp.o
                0x0000000000000756                dvp_gpio_init
 .text.dvp_camera_init
                0x0000000000000828       0xac ./zf_driver/zf_driver_dvp.o
                0x0000000000000828                dvp_camera_init
 .text.encoder_get_count
                0x00000000000008d4       0xce ./zf_driver/zf_driver_encoder.o
                0x00000000000008d4                encoder_get_count
 .text.encoder_clear_count
                0x00000000000009a2       0x64 ./zf_driver/zf_driver_encoder.o
                0x00000000000009a2                encoder_clear_count
 .text.encoder_quad_init
                0x0000000000000a06      0x220 ./zf_driver/zf_driver_encoder.o
                0x0000000000000a06                encoder_quad_init
 .text.flash_check
                0x0000000000000c26       0xa8 ./zf_driver/zf_driver_flash.o
                0x0000000000000c26                flash_check
 .text.flash_erase_sector
                0x0000000000000cce       0xa0 ./zf_driver/zf_driver_flash.o
                0x0000000000000cce                flash_erase_sector
 .text.flash_read_page
                0x0000000000000d6e       0xb4 ./zf_driver/zf_driver_flash.o
                0x0000000000000d6e                flash_read_page
 .text.flash_write_page
                0x0000000000000e22       0xf0 ./zf_driver/zf_driver_flash.o
                0x0000000000000e22                flash_write_page
 .text.gpio_get_level
                0x0000000000000f12       0x24 ./zf_driver/zf_driver_gpio.o
                0x0000000000000f12                gpio_get_level
 .text.gpio_init
                0x0000000000000f36       0xe6 ./zf_driver/zf_driver_gpio.o
                0x0000000000000f36                gpio_init
 .text.pwm_set_duty
                0x000000000000101c       0xce ./zf_driver/zf_driver_pwm.o
                0x000000000000101c                pwm_set_duty
 .text.pwm_init
                0x00000000000010ea      0x2d8 ./zf_driver/zf_driver_pwm.o
                0x00000000000010ea                pwm_init
 .text.soft_iic_start
                0x00000000000013c2       0xa6 ./zf_driver/zf_driver_soft_iic.o
 .text.soft_iic_stop
                0x0000000000001468       0xb0 ./zf_driver/zf_driver_soft_iic.o
 .text.soft_iic_send_data
                0x0000000000001518      0x15c ./zf_driver/zf_driver_soft_iic.o
 .text.soft_iic_read_data
                0x0000000000001674      0x1ec ./zf_driver/zf_driver_soft_iic.o
 .text.soft_iic_sccb_write_register
                0x0000000000001860       0x52 ./zf_driver/zf_driver_soft_iic.o
                0x0000000000001860                soft_iic_sccb_write_register
 .text.soft_iic_sccb_read_register
                0x00000000000018b2       0x6a ./zf_driver/zf_driver_soft_iic.o
                0x00000000000018b2                soft_iic_sccb_read_register
 .text.soft_iic_init
                0x000000000000191c       0x7a ./zf_driver/zf_driver_soft_iic.o
                0x000000000000191c                soft_iic_init
 .text.spi_write_8bit
                0x0000000000001996       0x20 ./zf_driver/zf_driver_spi.o
                0x0000000000001996                spi_write_8bit
 .text.spi_write_16bit
                0x00000000000019b6       0x32 ./zf_driver/zf_driver_spi.o
                0x00000000000019b6                spi_write_16bit
 .text.spi_write_8bit_register
                0x00000000000019e8       0x36 ./zf_driver/zf_driver_spi.o
                0x00000000000019e8                spi_write_8bit_register
 .text.spi_read_8bit_register
                0x0000000000001a1e       0x38 ./zf_driver/zf_driver_spi.o
                0x0000000000001a1e                spi_read_8bit_register
 .text.spi_read_8bit_registers
                0x0000000000001a56       0x40 ./zf_driver/zf_driver_spi.o
                0x0000000000001a56                spi_read_8bit_registers
 .text.spi_init
                0x0000000000001a96      0x1ee ./zf_driver/zf_driver_spi.o
                0x0000000000001a96                spi_init
 .text.timer_funciton_check
                0x0000000000001c84       0x26 ./zf_driver/zf_driver_timer.o
                0x0000000000001c84                timer_funciton_check
 .text.timer_clock_enable
                0x0000000000001caa       0xae ./zf_driver/zf_driver_timer.o
                0x0000000000001caa                timer_clock_enable
 .text.uart_write_byte
                0x0000000000001d58       0x20 ./zf_driver/zf_driver_uart.o
                0x0000000000001d58                uart_write_byte
 .text.uart_write_buffer
                0x0000000000001d78       0x42 ./zf_driver/zf_driver_uart.o
                0x0000000000001d78                uart_write_buffer
 .text.uart_write_string
                0x0000000000001dba       0x40 ./zf_driver/zf_driver_uart.o
                0x0000000000001dba                uart_write_string
 .text.uart_rx_interrupt
                0x0000000000001dfa       0x50 ./zf_driver/zf_driver_uart.o
                0x0000000000001dfa                uart_rx_interrupt
 .text.uart_query_byte
                0x0000000000001e4a       0x26 ./zf_driver/zf_driver_uart.o
                0x0000000000001e4a                uart_query_byte
 .text.uart_init
                0x0000000000001e70      0x41c ./zf_driver/zf_driver_uart.o
                0x0000000000001e70                uart_init
 .text.camera_fifo_init
                0x000000000000228c       0x1e ./zf_device/zf_device_camera.o
                0x000000000000228c                camera_fifo_init
 .text.icm20602_write_register
                0x00000000000022aa       0x30 ./zf_device/zf_device_icm20602.o
 .text.icm20602_get_gyro
                0x00000000000022da       0x70 ./zf_device/zf_device_icm20602.o
                0x00000000000022da                icm20602_get_gyro
 .text.icm20602_init
                0x000000000000234a      0x178 ./zf_device/zf_device_icm20602.o
                0x000000000000234a                icm20602_init
 .text.ips200_write_command
                0x00000000000024c2       0xca ./zf_device/zf_device_ips200.o
 .text.ips200_write_8bit_data
                0x000000000000258c       0x68 ./zf_device/zf_device_ips200.o
 .text.ips200_write_16bit_data
                0x00000000000025f4       0x92 ./zf_device/zf_device_ips200.o
 .text.ips200_set_region
                0x0000000000002686       0xac ./zf_device/zf_device_ips200.o
 .text.ips200_clear
                0x0000000000002732       0xce ./zf_device/zf_device_ips200.o
                0x0000000000002732                ips200_clear
 .text.ips200_full
                0x0000000000002800       0xce ./zf_device/zf_device_ips200.o
                0x0000000000002800                ips200_full
 .text.ips200_set_dir
                0x00000000000028ce       0x32 ./zf_device/zf_device_ips200.o
                0x00000000000028ce                ips200_set_dir
 .text.ips200_set_font
                0x0000000000002900        0x6 ./zf_device/zf_device_ips200.o
                0x0000000000002900                ips200_set_font
 .text.ips200_show_char
                0x0000000000002906      0x1e0 ./zf_device/zf_device_ips200.o
                0x0000000000002906                ips200_show_char
 .text.ips200_show_string
                0x0000000000002ae6       0xa0 ./zf_device/zf_device_ips200.o
                0x0000000000002ae6                ips200_show_string
 .text.ips200_show_float
                0x0000000000002b86      0x152 ./zf_device/zf_device_ips200.o
                0x0000000000002b86                ips200_show_float
 .text.ips200_show_binary_image
                0x0000000000002cd8      0x146 ./zf_device/zf_device_ips200.o
                0x0000000000002cd8                ips200_show_binary_image
 .text.ips200_init
                0x0000000000002e1e      0x432 ./zf_device/zf_device_ips200.o
                0x0000000000002e1e                ips200_init
 .text.mt9v03x_dvp_handler
                0x0000000000003250        0xc ./zf_device/zf_device_mt9v03x_dvp.o
                0x0000000000003250                mt9v03x_dvp_handler
 .text.mt9v03x_uart_handler
                0x000000000000325c       0x3a ./zf_device/zf_device_mt9v03x_dvp.o
 .text.mt9v03x_get_version
                0x0000000000003296       0x7c ./zf_device/zf_device_mt9v03x_dvp.o
                0x0000000000003296                mt9v03x_get_version
 .text.mt9v03x_init
                0x0000000000003312      0x2e0 ./zf_device/zf_device_mt9v03x_dvp.o
                0x0000000000003312                mt9v03x_init
 .text.type_default_callback
                0x00000000000035f2        0x2 ./zf_device/zf_device_type.o
 .text.set_camera_type
                0x00000000000035f4       0x2a ./zf_device/zf_device_type.o
                0x00000000000035f4                set_camera_type
 .text.clock_reset
                0x000000000000361e       0x42 ./zf_common/zf_common_clock.o
                0x000000000000361e                clock_reset
 .text.clock_set_freq
                0x0000000000003660      0x160 ./zf_common/zf_common_clock.o
                0x0000000000003660                clock_set_freq
 .text.clock_init
                0x00000000000037c0       0x22 ./zf_common/zf_common_clock.o
                0x00000000000037c0                clock_init
 .text.debug_output
                0x00000000000037e2      0x430 ./zf_common/zf_common_debug.o
 .text.debug_uart_str_output
                0x0000000000003c12       0x12 ./zf_common/zf_common_debug.o
 .text._write   0x0000000000003c24       0x4e ./zf_common/zf_common_debug.o
                0x0000000000003c24                _write
 .text.debug_assert_handler
                0x0000000000003c72       0x82 ./zf_common/zf_common_debug.o
                0x0000000000003c72                debug_assert_handler
 .text.debug_log_handler
                0x0000000000003cf4       0x32 ./zf_common/zf_common_debug.o
                0x0000000000003cf4                debug_log_handler
 .text.debug_output_struct_init
                0x0000000000003d26       0x24 ./zf_common/zf_common_debug.o
                0x0000000000003d26                debug_output_struct_init
 .text.debug_output_init
                0x0000000000003d4a       0x48 ./zf_common/zf_common_debug.o
                0x0000000000003d4a                debug_output_init
 .text.debug_init
                0x0000000000003d92       0x36 ./zf_common/zf_common_debug.o
                0x0000000000003d92                debug_init
 .text.fifo_head_offset
                0x0000000000003dc8       0x16 ./zf_common/zf_common_fifo.o
 .text.fifo_clear
                0x0000000000003dde       0x82 ./zf_common/zf_common_fifo.o
                0x0000000000003dde                fifo_clear
 .text.fifo_used
                0x0000000000003e60       0x2a ./zf_common/zf_common_fifo.o
                0x0000000000003e60                fifo_used
 .text.fifo_write_element
                0x0000000000003e8a       0x94 ./zf_common/zf_common_fifo.o
                0x0000000000003e8a                fifo_write_element
 .text.fifo_read_buffer
                0x0000000000003f1e      0x192 ./zf_common/zf_common_fifo.o
                0x0000000000003f1e                fifo_read_buffer
 .text.fifo_init
                0x00000000000040b0       0x58 ./zf_common/zf_common_fifo.o
                0x00000000000040b0                fifo_init
 .text.func_double_to_str
                0x0000000000004108      0x188 ./zf_common/zf_common_function.o
                0x0000000000004108                func_double_to_str
 .text.interrupt_enable
                0x0000000000004290       0x1a ./zf_common/zf_common_interrupt.o
                0x0000000000004290                interrupt_enable
 .text.interrupt_disable
                0x00000000000042aa       0x1a ./zf_common/zf_common_interrupt.o
                0x00000000000042aa                interrupt_disable
 .text.interrupt_set_priority
                0x00000000000042c4        0xc ./zf_common/zf_common_interrupt.o
                0x00000000000042c4                interrupt_set_priority
 .text.interrupt_global_enable
                0x00000000000042d0       0x26 ./zf_common/zf_common_interrupt.o
                0x00000000000042d0                interrupt_global_enable
 .text.interrupt_global_disable
                0x00000000000042f6       0x1c ./zf_common/zf_common_interrupt.o
                0x00000000000042f6                interrupt_global_disable
 .text.interrupt_init
                0x0000000000004312       0x10 ./zf_common/zf_common_interrupt.o
                0x0000000000004312                interrupt_init
 .text.start_task
                0x0000000000004322       0xaa ./user_c/FreeRTOS_task.o
                0x0000000000004322                start_task
 .text.Led_Flicker_Task
                0x00000000000043cc       0x2e ./user_c/FreeRTOS_task.o
                0x00000000000043cc                Led_Flicker_Task
 .text.Gui_Render_Task
                0x00000000000043fa       0x4e ./user_c/FreeRTOS_task.o
                0x00000000000043fa                Gui_Render_Task
 .text.Sensor_Task
                0x0000000000004448       0x24 ./user_c/FreeRTOS_task.o
                0x0000000000004448                Sensor_Task
 .text.Key_Task
                0x000000000000446c       0x2a ./user_c/FreeRTOS_task.o
                0x000000000000446c                Key_Task
 .text.FreeRTOS_Start
                0x0000000000004496       0x32 ./user_c/FreeRTOS_task.o
                0x0000000000004496                FreeRTOS_Start
 .text.Delay_Init
                0x00000000000044c8       0x1a ./user_c/debug.o
                0x00000000000044c8                Delay_Init
 .text._sbrk    0x00000000000044e2       0x2e ./user_c/debug.o
                0x00000000000044e2                _sbrk
 .text.USART1_IRQHandler
                0x0000000000004510       0xbc ./user_c/isr.o
                0x0000000000004510                USART1_IRQHandler
 .text.USART2_IRQHandler
                0x00000000000045cc       0xbc ./user_c/isr.o
                0x00000000000045cc                USART2_IRQHandler
 .text.USART3_IRQHandler
                0x0000000000004688       0xbc ./user_c/isr.o
                0x0000000000004688                USART3_IRQHandler
 .text.UART4_IRQHandler
                0x0000000000004744       0xbc ./user_c/isr.o
                0x0000000000004744                UART4_IRQHandler
 .text.UART5_IRQHandler
                0x0000000000004800       0xb8 ./user_c/isr.o
                0x0000000000004800                UART5_IRQHandler
 .text.UART6_IRQHandler
                0x00000000000048b8       0xbc ./user_c/isr.o
                0x00000000000048b8                UART6_IRQHandler
 .text.UART7_IRQHandler
                0x0000000000004974       0xc0 ./user_c/isr.o
                0x0000000000004974                UART7_IRQHandler
 .text.UART8_IRQHandler
                0x0000000000004a34       0xb4 ./user_c/isr.o
                0x0000000000004a34                UART8_IRQHandler
 .text.DVP_IRQHandler
                0x0000000000004ae8       0xba ./user_c/isr.o
                0x0000000000004ae8                DVP_IRQHandler
 .text.EXTI0_IRQHandler
                0x0000000000004ba2       0xac ./user_c/isr.o
                0x0000000000004ba2                EXTI0_IRQHandler
 .text.EXTI1_IRQHandler
                0x0000000000004c4e       0xac ./user_c/isr.o
                0x0000000000004c4e                EXTI1_IRQHandler
 .text.EXTI2_IRQHandler
                0x0000000000004cfa       0xac ./user_c/isr.o
                0x0000000000004cfa                EXTI2_IRQHandler
 .text.EXTI3_IRQHandler
                0x0000000000004da6       0xac ./user_c/isr.o
                0x0000000000004da6                EXTI3_IRQHandler
 .text.EXTI4_IRQHandler
                0x0000000000004e52       0xac ./user_c/isr.o
                0x0000000000004e52                EXTI4_IRQHandler
 .text.EXTI9_5_IRQHandler
                0x0000000000004efe      0x110 ./user_c/isr.o
                0x0000000000004efe                EXTI9_5_IRQHandler
 .text.EXTI15_10_IRQHandler
                0x000000000000500e      0x11c ./user_c/isr.o
                0x000000000000500e                EXTI15_10_IRQHandler
 .text.TIM1_UP_IRQHandler
                0x000000000000512a       0xb8 ./user_c/isr.o
                0x000000000000512a                TIM1_UP_IRQHandler
 .text.TIM2_IRQHandler
                0x00000000000051e2       0xb0 ./user_c/isr.o
                0x00000000000051e2                TIM2_IRQHandler
 .text.TIM3_IRQHandler
                0x0000000000005292       0xb8 ./user_c/isr.o
                0x0000000000005292                TIM3_IRQHandler
 .text.TIM4_IRQHandler
                0x000000000000534a       0xb8 ./user_c/isr.o
                0x000000000000534a                TIM4_IRQHandler
 .text.TIM5_IRQHandler
                0x0000000000005402       0xb8 ./user_c/isr.o
                0x0000000000005402                TIM5_IRQHandler
 .text.TIM6_IRQHandler
                0x00000000000054ba       0xb0 ./user_c/isr.o
                0x00000000000054ba                TIM6_IRQHandler
 .text.TIM7_IRQHandler
                0x000000000000556a       0xb8 ./user_c/isr.o
                0x000000000000556a                TIM7_IRQHandler
 .text.TIM8_UP_IRQHandler
                0x0000000000005622       0xb8 ./user_c/isr.o
                0x0000000000005622                TIM8_UP_IRQHandler
 .text.TIM9_UP_IRQHandler
                0x00000000000056da       0xb8 ./user_c/isr.o
                0x00000000000056da                TIM9_UP_IRQHandler
 .text.TIM10_UP_IRQHandler
                0x0000000000005792       0xb0 ./user_c/isr.o
                0x0000000000005792                TIM10_UP_IRQHandler
 .text.NMI_Handler
                0x0000000000005842        0x4 ./user_c/isr.o
                0x0000000000005842                NMI_Handler
 .text.HardFault_Handler
                0x0000000000005846       0x82 ./user_c/isr.o
                0x0000000000005846                HardFault_Handler
 .text.main     0x00000000000058c8       0x80 ./user_c/main.o
                0x00000000000058c8                main
 .text.vector_handler
                0x0000000000005948        0x2 ./sdk/Startup/startup_ch32v30x_D8C.o
                0x0000000000005948                TIM8_TRG_COM_IRQHandler
                0x0000000000005948                TIM8_CC_IRQHandler
                0x0000000000005948                TIM1_CC_IRQHandler
                0x0000000000005948                PVD_IRQHandler
                0x0000000000005948                SDIO_IRQHandler
                0x0000000000005948                TIM9_BRK_IRQHandler
                0x0000000000005948                DMA2_Channel8_IRQHandler
                0x0000000000005948                CAN2_RX1_IRQHandler
                0x0000000000005948                USBHS_IRQHandler
                0x0000000000005948                DMA2_Channel9_IRQHandler
                0x0000000000005948                TIM10_CC_IRQHandler
                0x0000000000005948                I2C2_EV_IRQHandler
                0x0000000000005948                TIM10_TRG_COM_IRQHandler
                0x0000000000005948                CAN2_SCE_IRQHandler
                0x0000000000005948                ADC1_2_IRQHandler
                0x0000000000005948                Break_Point_Handler
                0x0000000000005948                SPI1_IRQHandler
                0x0000000000005948                TAMPER_IRQHandler
                0x0000000000005948                CAN2_RX0_IRQHandler
                0x0000000000005948                Ecall_M_Mode_Handler
                0x0000000000005948                DMA2_Channel2_IRQHandler
                0x0000000000005948                DMA1_Channel4_IRQHandler
                0x0000000000005948                RTC_IRQHandler
                0x0000000000005948                DMA1_Channel7_IRQHandler
                0x0000000000005948                CAN1_RX1_IRQHandler
                0x0000000000005948                DMA2_Channel1_IRQHandler
                0x0000000000005948                I2C1_EV_IRQHandler
                0x0000000000005948                DMA1_Channel6_IRQHandler
                0x0000000000005948                DMA2_Channel4_IRQHandler
                0x0000000000005948                RCC_IRQHandler
                0x0000000000005948                TIM1_TRG_COM_IRQHandler
                0x0000000000005948                DMA1_Channel1_IRQHandler
                0x0000000000005948                DMA2_Channel7_IRQHandler
                0x0000000000005948                CAN2_TX_IRQHandler
                0x0000000000005948                ETH_WKUP_IRQHandler
                0x0000000000005948                SPI2_IRQHandler
                0x0000000000005948                TIM10_BRK_IRQHandler
                0x0000000000005948                TIM9_CC_IRQHandler
                0x0000000000005948                DMA2_Channel5_IRQHandler
                0x0000000000005948                DMA1_Channel5_IRQHandler
                0x0000000000005948                USB_LP_CAN1_RX0_IRQHandler
                0x0000000000005948                RNG_IRQHandler
                0x0000000000005948                USB_HP_CAN1_TX_IRQHandler
                0x0000000000005948                DMA1_Channel3_IRQHandler
                0x0000000000005948                FSMC_IRQHandler
                0x0000000000005948                ETH_IRQHandler
                0x0000000000005948                WWDG_IRQHandler
                0x0000000000005948                USBHSWakeup_IRQHandler
                0x0000000000005948                DMA2_Channel11_IRQHandler
                0x0000000000005948                Ecall_U_Mode_Handler
                0x0000000000005948                DMA2_Channel6_IRQHandler
                0x0000000000005948                TIM1_BRK_IRQHandler
                0x0000000000005948                DMA2_Channel10_IRQHandler
                0x0000000000005948                RTCAlarm_IRQHandler
                0x0000000000005948                TIM9_TRG_COM_IRQHandler
                0x0000000000005948                I2C2_ER_IRQHandler
                0x0000000000005948                DMA1_Channel2_IRQHandler
                0x0000000000005948                TIM8_BRK_IRQHandler
                0x0000000000005948                CAN1_SCE_IRQHandler
                0x0000000000005948                FLASH_IRQHandler
                0x0000000000005948                SPI3_IRQHandler
                0x0000000000005948                I2C1_ER_IRQHandler
                0x0000000000005948                USBWakeUp_IRQHandler
                0x0000000000005948                DMA2_Channel3_IRQHandler
 .text.handle_reset
                0x000000000000594a       0x8e ./sdk/Startup/startup_ch32v30x_D8C.o
                0x000000000000594a                handle_reset
 .text.ADC_DeInit
                0x00000000000059d8       0x46 ./sdk/Peripheral/ch32v30x_adc.o
                0x00000000000059d8                ADC_DeInit
 .text.ADC_Init
                0x0000000000005a1e       0x58 ./sdk/Peripheral/ch32v30x_adc.o
                0x0000000000005a1e                ADC_Init
 .text.ADC_Cmd  0x0000000000005a76       0x14 ./sdk/Peripheral/ch32v30x_adc.o
                0x0000000000005a76                ADC_Cmd
 .text.ADC_ResetCalibration
                0x0000000000005a8a        0xa ./sdk/Peripheral/ch32v30x_adc.o
                0x0000000000005a8a                ADC_ResetCalibration
 .text.ADC_GetResetCalibrationStatus
                0x0000000000005a94        0x8 ./sdk/Peripheral/ch32v30x_adc.o
                0x0000000000005a94                ADC_GetResetCalibrationStatus
 .text.ADC_StartCalibration
                0x0000000000005a9c        0xa ./sdk/Peripheral/ch32v30x_adc.o
                0x0000000000005a9c                ADC_StartCalibration
 .text.ADC_GetCalibrationStatus
                0x0000000000005aa6        0x8 ./sdk/Peripheral/ch32v30x_adc.o
                0x0000000000005aa6                ADC_GetCalibrationStatus
 .text.ADC_SoftwareStartConvCmd
                0x0000000000005aae       0x1c ./sdk/Peripheral/ch32v30x_adc.o
                0x0000000000005aae                ADC_SoftwareStartConvCmd
 .text.ADC_RegularChannelConfig
                0x0000000000005aca       0xba ./sdk/Peripheral/ch32v30x_adc.o
                0x0000000000005aca                ADC_RegularChannelConfig
 .text.ADC_GetFlagStatus
                0x0000000000005b84        0xa ./sdk/Peripheral/ch32v30x_adc.o
                0x0000000000005b84                ADC_GetFlagStatus
 .text.ADC_BufferCmd
                0x0000000000005b8e       0x1c ./sdk/Peripheral/ch32v30x_adc.o
                0x0000000000005b8e                ADC_BufferCmd
 .text.EXTI_GetITStatus
                0x0000000000005baa       0x1c ./sdk/Peripheral/ch32v30x_exti.o
                0x0000000000005baa                EXTI_GetITStatus
 .text.EXTI_ClearITPendingBit
                0x0000000000005bc6        0xa ./sdk/Peripheral/ch32v30x_exti.o
                0x0000000000005bc6                EXTI_ClearITPendingBit
 .text.FLASH_Unlock
                0x0000000000005bd0       0x1a ./sdk/Peripheral/ch32v30x_flash.o
                0x0000000000005bd0                FLASH_Unlock
 .text.FLASH_Lock
                0x0000000000005bea        0xe ./sdk/Peripheral/ch32v30x_flash.o
                0x0000000000005bea                FLASH_Lock
 .text.FLASH_ClearFlag
                0x0000000000005bf8        0x8 ./sdk/Peripheral/ch32v30x_flash.o
                0x0000000000005bf8                FLASH_ClearFlag
 .text.FLASH_GetBank1Status
                0x0000000000005c00       0x28 ./sdk/Peripheral/ch32v30x_flash.o
                0x0000000000005c00                FLASH_GetBank1Status
 .text.FLASH_WaitForLastOperation
                0x0000000000005c28       0x38 ./sdk/Peripheral/ch32v30x_flash.o
                0x0000000000005c28                FLASH_WaitForLastOperation
 .text.FLASH_ErasePage
                0x0000000000005c60       0x48 ./sdk/Peripheral/ch32v30x_flash.o
                0x0000000000005c60                FLASH_ErasePage
 .text.FLASH_ProgramWord
                0x0000000000005ca8       0x70 ./sdk/Peripheral/ch32v30x_flash.o
                0x0000000000005ca8                FLASH_ProgramWord
 .text.GPIO_Init
                0x0000000000005d18       0xca ./sdk/Peripheral/ch32v30x_gpio.o
                0x0000000000005d18                GPIO_Init
 .text.GPIO_WriteBit
                0x0000000000005de2        0xa ./sdk/Peripheral/ch32v30x_gpio.o
                0x0000000000005de2                GPIO_WriteBit
 .text.GPIO_PinRemapConfig
                0x0000000000005dec       0xee ./sdk/Peripheral/ch32v30x_gpio.o
                0x0000000000005dec                GPIO_PinRemapConfig
 .text.RCC_ADCCLKConfig
                0x0000000000005eda       0x12 ./sdk/Peripheral/ch32v30x_rcc.o
                0x0000000000005eda                RCC_ADCCLKConfig
 .text.RCC_GetClocksFreq
                0x0000000000005eec      0x160 ./sdk/Peripheral/ch32v30x_rcc.o
                0x0000000000005eec                RCC_GetClocksFreq
 .text.RCC_AHBPeriphClockCmd
                0x000000000000604c       0x1e ./sdk/Peripheral/ch32v30x_rcc.o
                0x000000000000604c                RCC_AHBPeriphClockCmd
 .text.RCC_APB2PeriphClockCmd
                0x000000000000606a       0x1e ./sdk/Peripheral/ch32v30x_rcc.o
                0x000000000000606a                RCC_APB2PeriphClockCmd
 .text.RCC_APB1PeriphClockCmd
                0x0000000000006088       0x1e ./sdk/Peripheral/ch32v30x_rcc.o
                0x0000000000006088                RCC_APB1PeriphClockCmd
 .text.RCC_APB2PeriphResetCmd
                0x00000000000060a6       0x1e ./sdk/Peripheral/ch32v30x_rcc.o
                0x00000000000060a6                RCC_APB2PeriphResetCmd
 .text.RCC_APB1PeriphResetCmd
                0x00000000000060c4       0x1e ./sdk/Peripheral/ch32v30x_rcc.o
                0x00000000000060c4                RCC_APB1PeriphResetCmd
 .text.SPI_I2S_DeInit
                0x00000000000060e2       0x60 ./sdk/Peripheral/ch32v30x_spi.o
                0x00000000000060e2                SPI_I2S_DeInit
 .text.SPI_Init
                0x0000000000006142       0x5a ./sdk/Peripheral/ch32v30x_spi.o
                0x0000000000006142                SPI_Init
 .text.SPI_Cmd  0x000000000000619c       0x26 ./sdk/Peripheral/ch32v30x_spi.o
                0x000000000000619c                SPI_Cmd
 .text.TIM_TimeBaseInit
                0x00000000000061c2       0xec ./sdk/Peripheral/ch32v30x_tim.o
                0x00000000000061c2                TIM_TimeBaseInit
 .text.TIM_OC1Init
                0x00000000000062ae       0xa8 ./sdk/Peripheral/ch32v30x_tim.o
                0x00000000000062ae                TIM_OC1Init
 .text.TIM_OC2Init
                0x0000000000006356       0xd8 ./sdk/Peripheral/ch32v30x_tim.o
                0x0000000000006356                TIM_OC2Init
 .text.TIM_OC3Init
                0x000000000000642e       0xd6 ./sdk/Peripheral/ch32v30x_tim.o
                0x000000000000642e                TIM_OC3Init
 .text.TIM_OC4Init
                0x0000000000006504       0xa8 ./sdk/Peripheral/ch32v30x_tim.o
                0x0000000000006504                TIM_OC4Init
 .text.TIM_TimeBaseStructInit
                0x00000000000065ac       0x18 ./sdk/Peripheral/ch32v30x_tim.o
                0x00000000000065ac                TIM_TimeBaseStructInit
 .text.TIM_Cmd  0x00000000000065c4       0x24 ./sdk/Peripheral/ch32v30x_tim.o
                0x00000000000065c4                TIM_Cmd
 .text.TIM_CtrlPWMOutputs
                0x00000000000065e8       0x1e ./sdk/Peripheral/ch32v30x_tim.o
                0x00000000000065e8                TIM_CtrlPWMOutputs
 .text.TIM_ITRxExternalClockConfig
                0x0000000000006606       0x20 ./sdk/Peripheral/ch32v30x_tim.o
                0x0000000000006606                TIM_ITRxExternalClockConfig
 .text.TIM_EncoderInterfaceConfig
                0x0000000000006626       0x46 ./sdk/Peripheral/ch32v30x_tim.o
                0x0000000000006626                TIM_EncoderInterfaceConfig
 .text.TIM_OC1PreloadConfig
                0x000000000000666c       0x12 ./sdk/Peripheral/ch32v30x_tim.o
                0x000000000000666c                TIM_OC1PreloadConfig
 .text.TIM_OC2PreloadConfig
                0x000000000000667e       0x1a ./sdk/Peripheral/ch32v30x_tim.o
                0x000000000000667e                TIM_OC2PreloadConfig
 .text.TIM_OC3PreloadConfig
                0x0000000000006698       0x12 ./sdk/Peripheral/ch32v30x_tim.o
                0x0000000000006698                TIM_OC3PreloadConfig
 .text.TIM_OC4PreloadConfig
                0x00000000000066aa       0x1a ./sdk/Peripheral/ch32v30x_tim.o
                0x00000000000066aa                TIM_OC4PreloadConfig
 .text.TIM_OC1FastConfig
                0x00000000000066c4       0x12 ./sdk/Peripheral/ch32v30x_tim.o
                0x00000000000066c4                TIM_OC1FastConfig
 .text.TIM_OC2FastConfig
                0x00000000000066d6       0x1a ./sdk/Peripheral/ch32v30x_tim.o
                0x00000000000066d6                TIM_OC2FastConfig
 .text.TIM_OC3FastConfig
                0x00000000000066f0       0x12 ./sdk/Peripheral/ch32v30x_tim.o
                0x00000000000066f0                TIM_OC3FastConfig
 .text.TIM_OC4FastConfig
                0x0000000000006702       0x1a ./sdk/Peripheral/ch32v30x_tim.o
                0x0000000000006702                TIM_OC4FastConfig
 .text.TIM_GetITStatus
                0x000000000000671c       0x1c ./sdk/Peripheral/ch32v30x_tim.o
                0x000000000000671c                TIM_GetITStatus
 .text.TIM_ClearITPendingBit
                0x0000000000006738        0xe ./sdk/Peripheral/ch32v30x_tim.o
                0x0000000000006738                TIM_ClearITPendingBit
 .text.USART_Init
                0x0000000000006746       0xf8 ./sdk/Peripheral/ch32v30x_usart.o
                0x0000000000006746                USART_Init
 .text.USART_Cmd
                0x000000000000683e       0x20 ./sdk/Peripheral/ch32v30x_usart.o
                0x000000000000683e                USART_Cmd
 .text.USART_ITConfig
                0x000000000000685e       0x3c ./sdk/Peripheral/ch32v30x_usart.o
                0x000000000000685e                USART_ITConfig
 .text.USART_SendData
                0x000000000000689a        0xa ./sdk/Peripheral/ch32v30x_usart.o
                0x000000000000689a                USART_SendData
 .text.USART_GetFlagStatus
                0x00000000000068a4        0xc ./sdk/Peripheral/ch32v30x_usart.o
                0x00000000000068a4                USART_GetFlagStatus
 .text.USART_GetITStatus
                0x00000000000068b0       0x4c ./sdk/Peripheral/ch32v30x_usart.o
                0x00000000000068b0                USART_GetITStatus
 .text.USART_ClearITPendingBit
                0x00000000000068fc       0x16 ./sdk/Peripheral/ch32v30x_usart.o
                0x00000000000068fc                USART_ClearITPendingBit
 .text.DevEP1_IN_Deal
                0x0000000000006912       0x16 ./sdk/Peripheral/ch32v30x_usbotg_device.o
                0x0000000000006912                DevEP1_IN_Deal
 .text.DevEP2_IN_Deal
                0x0000000000006928       0x16 ./sdk/Peripheral/ch32v30x_usbotg_device.o
                0x0000000000006928                DevEP2_IN_Deal
 .text.DevEP1_OUT_Deal
                0x000000000000693e       0x32 ./sdk/Peripheral/ch32v30x_usbotg_device.o
                0x000000000000693e                DevEP1_OUT_Deal
 .text.DevEP2_OUT_Deal
                0x0000000000006970       0x2e ./sdk/Peripheral/ch32v30x_usbotg_device.o
                0x0000000000006970                DevEP2_OUT_Deal
 .text.OTG_FS_IRQHandler
                0x000000000000699e      0x97e ./sdk/Peripheral/ch32v30x_usbotg_device.o
                0x000000000000699e                OTG_FS_IRQHandler
 .text.__get_MEPC
                0x000000000000731c        0x6 ./sdk/Core/core_riscv.o
                0x000000000000731c                __get_MEPC
 .text.__get_MCAUSE
                0x0000000000007322        0x6 ./sdk/Core/core_riscv.o
                0x0000000000007322                __get_MCAUSE
 .text.__get_MTVAL
                0x0000000000007328        0x6 ./sdk/Core/core_riscv.o
                0x0000000000007328                __get_MTVAL
 .text.buzzer_init
                0x000000000000732e       0x18 ./code/buzzer.o
                0x000000000000732e                buzzer_init
 .text.angular_velocity_decision
                0x0000000000007346       0x4c ./code/decision.o
                0x0000000000007346                angular_velocity_decision
 .text.side_motor_decision
                0x0000000000007392       0x4c ./code/decision.o
                0x0000000000007392                side_motor_decision
 .text.decision
                0x00000000000073de      0x346 ./code/decision.o
                0x00000000000073de                decision
 .text.EC11_Init
                0x0000000000007724       0x40 ./code/ec11.o
                0x0000000000007724                EC11_Init
 .text.EC11_Scan
                0x0000000000007764       0x98 ./code/ec11.o
                0x0000000000007764                EC11_Scan
 .text.Encoder_Init
                0x00000000000077fc       0x4a ./code/encoder.o
                0x00000000000077fc                Encoder_Init
 .text.encoder_handler
                0x0000000000007846       0x38 ./code/encoder.o
                0x0000000000007846                encoder_handler
 .text.update_speed_and_distance
                0x000000000000787e       0xc2 ./code/encoder.o
                0x000000000000787e                update_speed_and_distance
 .text.update_voltage
                0x0000000000007940       0x4a ./code/encoder.o
                0x0000000000007940                update_voltage
 .text.SlidingFilter
                0x000000000000798a       0x4e ./code/filter.o
                0x000000000000798a                SlidingFilter
 .text.LowPassFilter
                0x00000000000079d8       0x4e ./code/filter.o
                0x00000000000079d8                LowPassFilter
 .text.detect_circle_image
                0x0000000000007a26      0x282 ./code/identify.o
                0x0000000000007a26                detect_circle_image
 .text.detect_stop
                0x0000000000007ca8       0x72 ./code/identify.o
                0x0000000000007ca8                detect_stop
 .text.detect_block
                0x0000000000007d1a       0x90 ./code/identify.o
                0x0000000000007d1a                detect_block
 .text.detect_cross
                0x0000000000007daa       0x32 ./code/identify.o
                0x0000000000007daa                detect_cross
 .text.analyze_road
                0x0000000000007ddc       0x46 ./code/identify.o
                0x0000000000007ddc                analyze_road
 .text.Otsu1D   0x0000000000007e22      0x12c ./code/imageplus.o
                0x0000000000007e22                Otsu1D
 .text.lq_sobelAutoThreshold
                0x0000000000007f4e      0x16e ./code/imageplus.o
                0x0000000000007f4e                lq_sobelAutoThreshold
 .text.preprocess_image
                0x00000000000080bc      0x122 ./code/imageplus.o
                0x00000000000080bc                preprocess_image
 .text.search_border_line_and_Mid_line
                0x00000000000081de      0x85a ./code/imageplus.o
                0x00000000000081de                search_border_line_and_Mid_line
 .text.get_edge_gradient_variance
                0x0000000000008a38      0x212 ./code/imageplus.o
                0x0000000000008a38                get_edge_gradient_variance
 .text.search_circle
                0x0000000000008c4a       0xda ./code/imageplus.o
                0x0000000000008c4a                search_circle
 .text.process_circle_in_image
                0x0000000000008d24      0xf42 ./code/imageplus.o
                0x0000000000008d24                process_circle_in_image
 .text.search_cross
                0x0000000000009c66      0x18c ./code/imageplus.o
                0x0000000000009c66                search_cross
 .text.search_break
                0x0000000000009df2      0x2bc ./code/imageplus.o
                0x0000000000009df2                search_break
 .text.calc_middle_line_curvity
                0x000000000000a0ae       0x8e ./code/imageplus.o
                0x000000000000a0ae                calc_middle_line_curvity
 .text.calc_middleline_variance
                0x000000000000a13c       0x6a ./code/imageplus.o
                0x000000000000a13c                calc_middleline_variance
 .text.Fuzzify_Left
                0x000000000000a1a6       0x36 ./code/imageplus.o
                0x000000000000a1a6                Fuzzify_Left
 .text.Fuzzify_Mid
                0x000000000000a1dc       0x4c ./code/imageplus.o
                0x000000000000a1dc                Fuzzify_Mid
 .text.Fuzzify_Right
                0x000000000000a228       0x3a ./code/imageplus.o
                0x000000000000a228                Fuzzify_Right
 .text.GetWeightMembership
                0x000000000000a262       0x90 ./code/imageplus.o
                0x000000000000a262                GetWeightMembership
 .text.calc_image_error
                0x000000000000a2f2      0x100 ./code/imageplus.o
                0x000000000000a2f2                calc_image_error
 .text.variables_init
                0x000000000000a3f2       0xaa ./code/imageplus.o
                0x000000000000a3f2                variables_init
 .text.complex_image
                0x000000000000a49c      0x130 ./code/imageplus.o
                0x000000000000a49c                complex_image
 .text.search_barn
                0x000000000000a5cc      0x58a ./code/imageplus.o
                0x000000000000a5cc                search_barn
 .text.process_block_in_image
                0x000000000000ab56       0x56 ./code/imageplus.o
                0x000000000000ab56                process_block_in_image
 .text.get_image_error_single
                0x000000000000abac       0x88 ./code/imageplus.o
                0x000000000000abac                get_image_error_single
 .text.analyze_image
                0x000000000000ac34       0x8e ./code/imageplus.o
                0x000000000000ac34                analyze_image
 .text.set_process_circle_flag
                0x000000000000acc2        0xa ./code/imageplus.o
                0x000000000000acc2                set_process_circle_flag
 .text.clear_process_circle_flag
                0x000000000000accc        0x8 ./code/imageplus.o
                0x000000000000accc                clear_process_circle_flag
 .text.clear_process_block_flag
                0x000000000000acd4        0x6 ./code/imageplus.o
                0x000000000000acd4                clear_process_block_flag
 .text.get_atg_hardware
                0x000000000000acda       0x2e ./code/imu.o
                0x000000000000acda                get_atg_hardware
 .text.Prepare_Data
                0x000000000000ad08       0x56 ./code/imu.o
                0x000000000000ad08                Prepare_Data
 .text.imu_updata
                0x000000000000ad5e       0x16 ./code/imu.o
                0x000000000000ad5e                imu_updata
 .text.pid_param_init
                0x000000000000ad74       0x5c ./code/motor.o
 .text.motor_init
                0x000000000000add0       0xae ./code/motor.o
                0x000000000000add0                motor_init
 .text.left_motor_duty
                0x000000000000ae7e       0x7a ./code/motor.o
                0x000000000000ae7e                left_motor_duty
 .text.leftside_motor_duty
                0x000000000000aef8       0x86 ./code/motor.o
                0x000000000000aef8                leftside_motor_duty
 .text.right_motor_duty
                0x000000000000af7e       0x82 ./code/motor.o
                0x000000000000af7e                right_motor_duty
 .text.rightside_motor_duty
                0x000000000000b000       0x86 ./code/motor.o
                0x000000000000b000                rightside_motor_duty
 .text.Brushless_Motor_SetPwmValue
                0x000000000000b086       0x44 ./code/motor.o
                0x000000000000b086                Brushless_Motor_SetPwmValue
 .text.MOTOR_SetPwmValue
                0x000000000000b0ca       0x1a ./code/motor.o
                0x000000000000b0ca                MOTOR_SetPwmValue
 .text.MOTOR_Side_SetPwmValue
                0x000000000000b0e4       0x1a ./code/motor.o
                0x000000000000b0e4                MOTOR_Side_SetPwmValue
 .text.PWM_decision
                0x000000000000b0fe       0x30 ./code/motor.o
                0x000000000000b0fe                PWM_decision
 .text.MOTOR_ControlLoop
                0x000000000000b12e       0xc6 ./code/motor.o
                0x000000000000b12e                MOTOR_ControlLoop
 .text.motor_control
                0x000000000000b1f4       0xca ./code/motor.o
                0x000000000000b1f4                motor_control
 .text.Side_Motor_ControlLoop
                0x000000000000b2be       0x74 ./code/motor.o
                0x000000000000b2be                Side_Motor_ControlLoop
 .text.side_motor_control
                0x000000000000b332       0x78 ./code/motor.o
                0x000000000000b332                side_motor_control
 .text.range_protect
                0x000000000000b3aa       0x7a ./code/pid.o
                0x000000000000b3aa                range_protect
 .text.positional_pid
                0x000000000000b424       0x92 ./code/pid.o
                0x000000000000b424                positional_pid
 .text.motor_pid_init
                0x000000000000b4b6       0x7c ./code/pid.o
                0x000000000000b4b6                motor_pid_init
 .text.side_motor_pid_init
                0x000000000000b532       0x2e ./code/pid.o
                0x000000000000b532                side_motor_pid_init
 .text.PID_MoveCalculate
                0x000000000000b560       0xc2 ./code/pid.o
                0x000000000000b560                PID_MoveCalculate
 .text.flash_load_data
                0x000000000000b622       0x42 ./code/smartcar.o
                0x000000000000b622                flash_load_data
 .text.flash_init_data
                0x000000000000b664       0x3c ./code/smartcar.o
                0x000000000000b664                flash_init_data
 .text.flash_save_data
                0x000000000000b6a0       0x50 ./code/smartcar.o
                0x000000000000b6a0                flash_save_data
 .text.flash_reset_data
                0x000000000000b6f0       0x22 ./code/smartcar.o
                0x000000000000b6f0                flash_reset_data
 .text.my_flash_init
                0x000000000000b712       0x48 ./code/smartcar.o
                0x000000000000b712                my_flash_init
 .text.list5_proc
                0x000000000000b75a        0x2 ./code/ui.o
                0x000000000000b75a                list5_proc
 .text.list6_proc
                0x000000000000b75c        0x2 ./code/ui.o
                0x000000000000b75c                list6_proc
 .text.list7_proc
                0x000000000000b75e        0x2 ./code/ui.o
                0x000000000000b75e                list7_proc
 .text.list8_proc
                0x000000000000b760        0x2 ./code/ui.o
                0x000000000000b760                list8_proc
 .text.home_proc
                0x000000000000b762      0x1a2 ./code/ui.o
                0x000000000000b762                home_proc
 .text.list1_proc
                0x000000000000b904      0x1f6 ./code/ui.o
                0x000000000000b904                list1_proc
 .text.list2_proc
                0x000000000000bafa      0x206 ./code/ui.o
                0x000000000000bafa                list2_proc
 .text.list3_show
                0x000000000000bd00      0x4d4 ./code/ui.o
 .text.list3_proc
                0x000000000000c1d4       0x78 ./code/ui.o
                0x000000000000c1d4                list3_proc
 .text.list4_proc
                0x000000000000c24c      0x9ac ./code/ui.o
                0x000000000000c24c                list4_proc
 .text.UI_Init  0x000000000000cbf8       0x30 ./code/ui.o
                0x000000000000cbf8                UI_Init
 .text.prvInsertBlockIntoFreeList
                0x000000000000cc28       0x50 ./FreeRTOS/portable/MemMang/heap_4.o
 .text.pvPortMalloc
                0x000000000000cc78      0x17c ./FreeRTOS/portable/MemMang/heap_4.o
                0x000000000000cc78                pvPortMalloc
 .text.vPortFree
                0x000000000000cdf4       0x5a ./FreeRTOS/portable/MemMang/heap_4.o
                0x000000000000cdf4                vPortFree
 .text.vPortSetupTimerInterrupt
                0x000000000000ce4e       0x36 ./FreeRTOS/portable/GCC/RISC-V/port.o
                0x000000000000ce4e                vPortSetupTimerInterrupt
 .text.xPortStartScheduler
                0x000000000000ce84       0x8e ./FreeRTOS/portable/GCC/RISC-V/port.o
                0x000000000000ce84                xPortStartScheduler
 .text.SysTick_Handler
                0x000000000000cf12       0x8c ./FreeRTOS/portable/GCC/RISC-V/port.o
                0x000000000000cf12                SysTick_Handler
 .text.vPortEnterCritical
                0x000000000000cf9e       0x16 ./FreeRTOS/portable/GCC/RISC-V/port.o
                0x000000000000cf9e                vPortEnterCritical
 .text.vPortExitCritical
                0x000000000000cfb4       0x42 ./FreeRTOS/portable/GCC/RISC-V/port.o
                0x000000000000cfb4                vPortExitCritical
 .text.vListInitialise
                0x000000000000cff6       0x14 ./FreeRTOS/list.o
                0x000000000000cff6                vListInitialise
 .text.vListInitialiseItem
                0x000000000000d00a        0x6 ./FreeRTOS/list.o
                0x000000000000d00a                vListInitialiseItem
 .text.vListInsertEnd
                0x000000000000d010       0x16 ./FreeRTOS/list.o
                0x000000000000d010                vListInsertEnd
 .text.vListInsert
                0x000000000000d026       0x2e ./FreeRTOS/list.o
                0x000000000000d026                vListInsert
 .text.uxListRemove
                0x000000000000d054       0x26 ./FreeRTOS/list.o
                0x000000000000d054                uxListRemove
 .text.prvIsQueueEmpty
                0x000000000000d07a       0x1e ./FreeRTOS/queue.o
 .text.prvCopyDataFromQueue
                0x000000000000d098       0x2a ./FreeRTOS/queue.o
 .text.prvUnlockQueue
                0x000000000000d0c2       0x90 ./FreeRTOS/queue.o
 .text.xQueueGenericReset
                0x000000000000d152       0xca ./FreeRTOS/queue.o
                0x000000000000d152                xQueueGenericReset
 .text.xQueueGenericCreate
                0x000000000000d21c       0x78 ./FreeRTOS/queue.o
                0x000000000000d21c                xQueueGenericCreate
 .text.xQueueReceive
                0x000000000000d294      0x194 ./FreeRTOS/queue.o
                0x000000000000d294                xQueueReceive
 .text.vQueueAddToRegistry
                0x000000000000d428       0x80 ./FreeRTOS/queue.o
                0x000000000000d428                vQueueAddToRegistry
 .text.vQueueWaitForMessageRestricted
                0x000000000000d4a8       0x64 ./FreeRTOS/queue.o
                0x000000000000d4a8                vQueueWaitForMessageRestricted
 .text.prvResetNextTaskUnblockTime
                0x000000000000d50c       0x1e ./FreeRTOS/tasks.o
 .text.prvIdleTask
                0x000000000000d52a       0x5a ./FreeRTOS/tasks.o
 .text.prvAddCurrentTaskToDelayedList
                0x000000000000d584       0xa0 ./FreeRTOS/tasks.o
 .text.xTaskCreate
                0x000000000000d624      0x240 ./FreeRTOS/tasks.o
                0x000000000000d624                xTaskCreate
 .text.vTaskDelete
                0x000000000000d864       0xcc ./FreeRTOS/tasks.o
                0x000000000000d864                vTaskDelete
 .text.vTaskStartScheduler
                0x000000000000d930       0x8a ./FreeRTOS/tasks.o
                0x000000000000d930                vTaskStartScheduler
 .text.vTaskSuspendAll
                0x000000000000d9ba        0xc ./FreeRTOS/tasks.o
                0x000000000000d9ba                vTaskSuspendAll
 .text.xTaskGetTickCount
                0x000000000000d9c6        0x6 ./FreeRTOS/tasks.o
                0x000000000000d9c6                xTaskGetTickCount
 .text.xTaskIncrementTick
                0x000000000000d9cc      0x192 ./FreeRTOS/tasks.o
                0x000000000000d9cc                xTaskIncrementTick
 .text.xTaskResumeAll
                0x000000000000db5e      0x16a ./FreeRTOS/tasks.o
                0x000000000000db5e                xTaskResumeAll
 .text.vTaskDelay
                0x000000000000dcc8       0x64 ./FreeRTOS/tasks.o
                0x000000000000dcc8                vTaskDelay
 .text.vTaskSwitchContext
                0x000000000000dd2c       0xd6 ./FreeRTOS/tasks.o
                0x000000000000dd2c                vTaskSwitchContext
 .text.vTaskPlaceOnEventList
                0x000000000000de02       0x4a ./FreeRTOS/tasks.o
                0x000000000000de02                vTaskPlaceOnEventList
 .text.vTaskPlaceOnEventListRestricted
                0x000000000000de4c       0x72 ./FreeRTOS/tasks.o
                0x000000000000de4c                vTaskPlaceOnEventListRestricted
 .text.xTaskRemoveFromEventList
                0x000000000000debe      0x100 ./FreeRTOS/tasks.o
                0x000000000000debe                xTaskRemoveFromEventList
 .text.vTaskInternalSetTimeOutState
                0x000000000000dfbe        0xe ./FreeRTOS/tasks.o
                0x000000000000dfbe                vTaskInternalSetTimeOutState
 .text.xTaskCheckForTimeOut
                0x000000000000dfcc       0xd2 ./FreeRTOS/tasks.o
                0x000000000000dfcc                xTaskCheckForTimeOut
 .text.vTaskMissedYield
                0x000000000000e09e        0x8 ./FreeRTOS/tasks.o
                0x000000000000e09e                vTaskMissedYield
 .text.xTaskGetSchedulerState
                0x000000000000e0a6       0x14 ./FreeRTOS/tasks.o
                0x000000000000e0a6                xTaskGetSchedulerState
 .text.prvInsertTimerInActiveList
                0x000000000000e0ba       0x48 ./FreeRTOS/timers.o
 .text.prvReloadTimer
                0x000000000000e102       0x38 ./FreeRTOS/timers.o
 .text.prvProcessExpiredTimer
                0x000000000000e13a       0x4c ./FreeRTOS/timers.o
 .text.prvSampleTimeNow
                0x000000000000e186       0x5c ./FreeRTOS/timers.o
 .text.prvTimerTask
                0x000000000000e1e2      0x180 ./FreeRTOS/timers.o
 .text.prvCheckForValidListAndQueue
                0x000000000000e362       0x66 ./FreeRTOS/timers.o
 .text.xTimerCreateTimerTask
                0x000000000000e3c8       0x5a ./FreeRTOS/timers.o
                0x000000000000e3c8                xTimerCreateTimerTask
 .text.mt9v03x_write_word_sccb
                0x000000000000e422       0x34 D:\Downloads\开发资料\runsmartcar\Demo_gyroscope07_19_cpcp\libraries\zf_device\libzf_device_config.a(zf_device_config.o)
 .text.mt9v03x_set_config_sccb
                0x000000000000e456      0x602 D:\Downloads\开发资料\runsmartcar\Demo_gyroscope07_19_cpcp\libraries\zf_device\libzf_device_config.a(zf_device_config.o)
                0x000000000000e456                mt9v03x_set_config_sccb
 .text.__adddf3
                0x000000000000ea58      0xa0e d:/joinnico/mounriver_studio/toolchain/risc-v embedded gcc/bin/../lib/gcc/riscv-none-embed/8.2.0/rv32imafc/ilp32f\libgcc.a(adddf3.o)
                0x000000000000ea58                __adddf3
 .text.__divdf3
                0x000000000000f466      0x7ea d:/joinnico/mounriver_studio/toolchain/risc-v embedded gcc/bin/../lib/gcc/riscv-none-embed/8.2.0/rv32imafc/ilp32f\libgcc.a(divdf3.o)
                0x000000000000f466                __divdf3
 .text.__eqdf2  0x000000000000fc50       0x98 d:/joinnico/mounriver_studio/toolchain/risc-v embedded gcc/bin/../lib/gcc/riscv-none-embed/8.2.0/rv32imafc/ilp32f\libgcc.a(eqdf2.o)
                0x000000000000fc50                __nedf2
                0x000000000000fc50                __eqdf2
 .text.__gedf2  0x000000000000fce8       0xb6 d:/joinnico/mounriver_studio/toolchain/risc-v embedded gcc/bin/../lib/gcc/riscv-none-embed/8.2.0/rv32imafc/ilp32f\libgcc.a(gedf2.o)
                0x000000000000fce8                __gedf2
                0x000000000000fce8                __gtdf2
 .text.__ledf2  0x000000000000fd9e       0xb6 d:/joinnico/mounriver_studio/toolchain/risc-v embedded gcc/bin/../lib/gcc/riscv-none-embed/8.2.0/rv32imafc/ilp32f\libgcc.a(ledf2.o)
                0x000000000000fd9e                __ledf2
                0x000000000000fd9e                __ltdf2
 .text.__muldf3
                0x000000000000fe54      0x656 d:/joinnico/mounriver_studio/toolchain/risc-v embedded gcc/bin/../lib/gcc/riscv-none-embed/8.2.0/rv32imafc/ilp32f\libgcc.a(muldf3.o)
                0x000000000000fe54                __muldf3
 .text.__subdf3
                0x00000000000104aa      0xa8c d:/joinnico/mounriver_studio/toolchain/risc-v embedded gcc/bin/../lib/gcc/riscv-none-embed/8.2.0/rv32imafc/ilp32f\libgcc.a(subdf3.o)
                0x00000000000104aa                __subdf3
 .text.__unorddf2
                0x0000000000010f36       0x7c d:/joinnico/mounriver_studio/toolchain/risc-v embedded gcc/bin/../lib/gcc/riscv-none-embed/8.2.0/rv32imafc/ilp32f\libgcc.a(unorddf2.o)
                0x0000000000010f36                __unorddf2
 .text.__fixdfsi
                0x0000000000010fb2       0xd8 d:/joinnico/mounriver_studio/toolchain/risc-v embedded gcc/bin/../lib/gcc/riscv-none-embed/8.2.0/rv32imafc/ilp32f\libgcc.a(fixdfsi.o)
                0x0000000000010fb2                __fixdfsi
 .text.__floatsidf
                0x000000000001108a       0x70 d:/joinnico/mounriver_studio/toolchain/risc-v embedded gcc/bin/../lib/gcc/riscv-none-embed/8.2.0/rv32imafc/ilp32f\libgcc.a(floatsidf.o)
                0x000000000001108a                __floatsidf
 .text.__floatunsidf
                0x00000000000110fa       0x66 d:/joinnico/mounriver_studio/toolchain/risc-v embedded gcc/bin/../lib/gcc/riscv-none-embed/8.2.0/rv32imafc/ilp32f\libgcc.a(floatunsidf.o)
                0x00000000000110fa                __floatunsidf
 .text.__extendsfdf2
                0x0000000000011160       0xe8 d:/joinnico/mounriver_studio/toolchain/risc-v embedded gcc/bin/../lib/gcc/riscv-none-embed/8.2.0/rv32imafc/ilp32f\libgcc.a(extendsfdf2.o)
                0x0000000000011160                __extendsfdf2
 .text.__truncdfsf2
                0x0000000000011248      0x31e d:/joinnico/mounriver_studio/toolchain/risc-v embedded gcc/bin/../lib/gcc/riscv-none-embed/8.2.0/rv32imafc/ilp32f\libgcc.a(truncdfsf2.o)
                0x0000000000011248                __truncdfsf2
 .text.__clzsi2
                0x0000000000011566       0x76 d:/joinnico/mounriver_studio/toolchain/risc-v embedded gcc/bin/../lib/gcc/riscv-none-embed/8.2.0/rv32imafc/ilp32f\libgcc.a(_clzsi2.o)
                0x0000000000011566                __clzsi2
 .text.memcpy   0x00000000000115dc       0xb6 d:/joinnico/mounriver_studio/toolchain/risc-v embedded gcc/bin/../lib/gcc/riscv-none-embed/8.2.0/../../../../riscv-none-embed/lib/rv32imafc/ilp32f\libg_nano.a(lib_a-memcpy.o)
                0x00000000000115dc                memcpy
 .text.__cvt    0x0000000000011692       0xee d:/joinnico/mounriver_studio/toolchain/risc-v embedded gcc/bin/../lib/gcc/riscv-none-embed/8.2.0/../../../../riscv-none-embed/lib/rv32imafc/ilp32f\libg_nano.a(lib_a-nano-vfprintf_float.o)
                0x0000000000011692                __cvt
 .text.__exponent
                0x0000000000011780       0x8c d:/joinnico/mounriver_studio/toolchain/risc-v embedded gcc/bin/../lib/gcc/riscv-none-embed/8.2.0/../../../../riscv-none-embed/lib/rv32imafc/ilp32f\libg_nano.a(lib_a-nano-vfprintf_float.o)
                0x0000000000011780                __exponent
 .text._printf_float
                0x000000000001180c      0x4c4 d:/joinnico/mounriver_studio/toolchain/risc-v embedded gcc/bin/../lib/gcc/riscv-none-embed/8.2.0/../../../../riscv-none-embed/lib/rv32imafc/ilp32f\libg_nano.a(lib_a-nano-vfprintf_float.o)
                0x000000000001180c                _printf_float
 .text._printf_common
                0x0000000000011cd0      0x10c d:/joinnico/mounriver_studio/toolchain/risc-v embedded gcc/bin/../lib/gcc/riscv-none-embed/8.2.0/../../../../riscv-none-embed/lib/rv32imafc/ilp32f\libg_nano.a(lib_a-nano-vfprintf_i.o)
                0x0000000000011cd0                _printf_common
 .text._printf_i
                0x0000000000011ddc      0x2ac d:/joinnico/mounriver_studio/toolchain/risc-v embedded gcc/bin/../lib/gcc/riscv-none-embed/8.2.0/../../../../riscv-none-embed/lib/rv32imafc/ilp32f\libg_nano.a(lib_a-nano-vfprintf_i.o)
                0x0000000000011ddc                _printf_i
 .text.printf   0x0000000000012088       0x42 d:/joinnico/mounriver_studio/toolchain/risc-v embedded gcc/bin/../lib/gcc/riscv-none-embed/8.2.0/../../../../riscv-none-embed/lib/rv32imafc/ilp32f\libg_nano.a(lib_a-printf.o)
                0x0000000000012088                iprintf
                0x0000000000012088                printf
 .text.sprintf  0x00000000000120ca       0x46 d:/joinnico/mounriver_studio/toolchain/risc-v embedded gcc/bin/../lib/gcc/riscv-none-embed/8.2.0/../../../../riscv-none-embed/lib/rv32imafc/ilp32f\libg_nano.a(lib_a-sprintf.o)
                0x00000000000120ca                siprintf
                0x00000000000120ca                sprintf
 .text.strlen   0x0000000000012110       0x12 d:/joinnico/mounriver_studio/toolchain/risc-v embedded gcc/bin/../lib/gcc/riscv-none-embed/8.2.0/../../../../riscv-none-embed/lib/rv32imafc/ilp32f\libg_nano.a(lib_a-strlen.o)
                0x0000000000012110                strlen
 .text.quorem   0x0000000000012122      0x13a d:/joinnico/mounriver_studio/toolchain/risc-v embedded gcc/bin/../lib/gcc/riscv-none-embed/8.2.0/../../../../riscv-none-embed/lib/rv32imafc/ilp32f\libg_nano.a(lib_a-dtoa.o)
 .text._dtoa_r  0x000000000001225c      0xbea d:/joinnico/mounriver_studio/toolchain/risc-v embedded gcc/bin/../lib/gcc/riscv-none-embed/8.2.0/../../../../riscv-none-embed/lib/rv32imafc/ilp32f\libg_nano.a(lib_a-dtoa.o)
                0x000000000001225c                _dtoa_r
 .text.std      0x0000000000012e46       0x6a d:/joinnico/mounriver_studio/toolchain/risc-v embedded gcc/bin/../lib/gcc/riscv-none-embed/8.2.0/../../../../riscv-none-embed/lib/rv32imafc/ilp32f\libg_nano.a(lib_a-findfp.o)
 .text._cleanup_r
                0x0000000000012eb0        0xa d:/joinnico/mounriver_studio/toolchain/risc-v embedded gcc/bin/../lib/gcc/riscv-none-embed/8.2.0/../../../../riscv-none-embed/lib/rv32imafc/ilp32f\libg_nano.a(lib_a-findfp.o)
                0x0000000000012eb0                _cleanup_r
 .text.__sfmoreglue
                0x0000000000012eba       0x48 d:/joinnico/mounriver_studio/toolchain/risc-v embedded gcc/bin/../lib/gcc/riscv-none-embed/8.2.0/../../../../riscv-none-embed/lib/rv32imafc/ilp32f\libg_nano.a(lib_a-findfp.o)
                0x0000000000012eba                __sfmoreglue
 .text.__sinit  0x0000000000012f02       0x6c d:/joinnico/mounriver_studio/toolchain/risc-v embedded gcc/bin/../lib/gcc/riscv-none-embed/8.2.0/../../../../riscv-none-embed/lib/rv32imafc/ilp32f\libg_nano.a(lib_a-findfp.o)
                0x0000000000012f02                __sinit
 .text.__sfp    0x0000000000012f6e       0xa0 d:/joinnico/mounriver_studio/toolchain/risc-v embedded gcc/bin/../lib/gcc/riscv-none-embed/8.2.0/../../../../riscv-none-embed/lib/rv32imafc/ilp32f\libg_nano.a(lib_a-findfp.o)
                0x0000000000012f6e                __sfp
 .text._fwalk_reent
                0x000000000001300e       0x6c d:/joinnico/mounriver_studio/toolchain/risc-v embedded gcc/bin/../lib/gcc/riscv-none-embed/8.2.0/../../../../riscv-none-embed/lib/rv32imafc/ilp32f\libg_nano.a(lib_a-fwalk.o)
                0x000000000001300e                _fwalk_reent
 .text._localeconv_r
                0x000000000001307a       0x18 d:/joinnico/mounriver_studio/toolchain/risc-v embedded gcc/bin/../lib/gcc/riscv-none-embed/8.2.0/../../../../riscv-none-embed/lib/rv32imafc/ilp32f\libg_nano.a(lib_a-localeconv.o)
                0x000000000001307a                _localeconv_r
 .text.malloc   0x0000000000013092        0xc d:/joinnico/mounriver_studio/toolchain/risc-v embedded gcc/bin/../lib/gcc/riscv-none-embed/8.2.0/../../../../riscv-none-embed/lib/rv32imafc/ilp32f\libg_nano.a(lib_a-malloc.o)
                0x0000000000013092                malloc
 .text.memchr   0x000000000001309e       0x1a d:/joinnico/mounriver_studio/toolchain/risc-v embedded gcc/bin/../lib/gcc/riscv-none-embed/8.2.0/../../../../riscv-none-embed/lib/rv32imafc/ilp32f\libg_nano.a(lib_a-memchr.o)
                0x000000000001309e                memchr
 .text._Balloc  0x00000000000130b8       0x88 d:/joinnico/mounriver_studio/toolchain/risc-v embedded gcc/bin/../lib/gcc/riscv-none-embed/8.2.0/../../../../riscv-none-embed/lib/rv32imafc/ilp32f\libg_nano.a(lib_a-mprec.o)
                0x00000000000130b8                _Balloc
 .text._Bfree   0x0000000000013140       0x44 d:/joinnico/mounriver_studio/toolchain/risc-v embedded gcc/bin/../lib/gcc/riscv-none-embed/8.2.0/../../../../riscv-none-embed/lib/rv32imafc/ilp32f\libg_nano.a(lib_a-mprec.o)
                0x0000000000013140                _Bfree
 .text.__multadd
                0x0000000000013184       0x98 d:/joinnico/mounriver_studio/toolchain/risc-v embedded gcc/bin/../lib/gcc/riscv-none-embed/8.2.0/../../../../riscv-none-embed/lib/rv32imafc/ilp32f\libg_nano.a(lib_a-mprec.o)
                0x0000000000013184                __multadd
 .text.__hi0bits
                0x000000000001321c       0x46 d:/joinnico/mounriver_studio/toolchain/risc-v embedded gcc/bin/../lib/gcc/riscv-none-embed/8.2.0/../../../../riscv-none-embed/lib/rv32imafc/ilp32f\libg_nano.a(lib_a-mprec.o)
                0x000000000001321c                __hi0bits
 .text.__lo0bits
                0x0000000000013262       0x6a d:/joinnico/mounriver_studio/toolchain/risc-v embedded gcc/bin/../lib/gcc/riscv-none-embed/8.2.0/../../../../riscv-none-embed/lib/rv32imafc/ilp32f\libg_nano.a(lib_a-mprec.o)
                0x0000000000013262                __lo0bits
 .text.__i2b    0x00000000000132cc       0x1c d:/joinnico/mounriver_studio/toolchain/risc-v embedded gcc/bin/../lib/gcc/riscv-none-embed/8.2.0/../../../../riscv-none-embed/lib/rv32imafc/ilp32f\libg_nano.a(lib_a-mprec.o)
                0x00000000000132cc                __i2b
 .text.__multiply
                0x00000000000132e8      0x144 d:/joinnico/mounriver_studio/toolchain/risc-v embedded gcc/bin/../lib/gcc/riscv-none-embed/8.2.0/../../../../riscv-none-embed/lib/rv32imafc/ilp32f\libg_nano.a(lib_a-mprec.o)
                0x00000000000132e8                __multiply
 .text.__pow5mult
                0x000000000001342c       0xbe d:/joinnico/mounriver_studio/toolchain/risc-v embedded gcc/bin/../lib/gcc/riscv-none-embed/8.2.0/../../../../riscv-none-embed/lib/rv32imafc/ilp32f\libg_nano.a(lib_a-mprec.o)
                0x000000000001342c                __pow5mult
 .text.__lshift
                0x00000000000134ea       0xce d:/joinnico/mounriver_studio/toolchain/risc-v embedded gcc/bin/../lib/gcc/riscv-none-embed/8.2.0/../../../../riscv-none-embed/lib/rv32imafc/ilp32f\libg_nano.a(lib_a-mprec.o)
                0x00000000000134ea                __lshift
 .text.__mcmp   0x00000000000135b8       0x32 d:/joinnico/mounriver_studio/toolchain/risc-v embedded gcc/bin/../lib/gcc/riscv-none-embed/8.2.0/../../../../riscv-none-embed/lib/rv32imafc/ilp32f\libg_nano.a(lib_a-mprec.o)
                0x00000000000135b8                __mcmp
 .text.__mdiff  0x00000000000135ea       0xf2 d:/joinnico/mounriver_studio/toolchain/risc-v embedded gcc/bin/../lib/gcc/riscv-none-embed/8.2.0/../../../../riscv-none-embed/lib/rv32imafc/ilp32f\libg_nano.a(lib_a-mprec.o)
                0x00000000000135ea                __mdiff
 .text.__d2b    0x00000000000136dc       0xd4 d:/joinnico/mounriver_studio/toolchain/risc-v embedded gcc/bin/../lib/gcc/riscv-none-embed/8.2.0/../../../../riscv-none-embed/lib/rv32imafc/ilp32f\libg_nano.a(lib_a-mprec.o)
                0x00000000000136dc                __d2b
 .text._calloc_r
                0x00000000000137b0       0x26 d:/joinnico/mounriver_studio/toolchain/risc-v embedded gcc/bin/../lib/gcc/riscv-none-embed/8.2.0/../../../../riscv-none-embed/lib/rv32imafc/ilp32f\libg_nano.a(lib_a-nano-callocr.o)
                0x00000000000137b0                _calloc_r
 .text._free_r  0x00000000000137d6       0xa8 d:/joinnico/mounriver_studio/toolchain/risc-v embedded gcc/bin/../lib/gcc/riscv-none-embed/8.2.0/../../../../riscv-none-embed/lib/rv32imafc/ilp32f\libg_nano.a(lib_a-nano-freer.o)
                0x00000000000137d6                _free_r
 .text._malloc_r
                0x000000000001387e       0xd4 d:/joinnico/mounriver_studio/toolchain/risc-v embedded gcc/bin/../lib/gcc/riscv-none-embed/8.2.0/../../../../riscv-none-embed/lib/rv32imafc/ilp32f\libg_nano.a(lib_a-nano-mallocr.o)
                0x000000000001387e                _malloc_r
 .text.__ssputs_r
                0x0000000000013952       0xee d:/joinnico/mounriver_studio/toolchain/risc-v embedded gcc/bin/../lib/gcc/riscv-none-embed/8.2.0/../../../../riscv-none-embed/lib/rv32imafc/ilp32f\libg_nano.a(lib_a-nano-svfprintf.o)
                0x0000000000013952                __ssputs_r
 .text._svfprintf_r
                0x0000000000013a40      0x27e d:/joinnico/mounriver_studio/toolchain/risc-v embedded gcc/bin/../lib/gcc/riscv-none-embed/8.2.0/../../../../riscv-none-embed/lib/rv32imafc/ilp32f\libg_nano.a(lib_a-nano-svfprintf.o)
                0x0000000000013a40                _svfiprintf_r
                0x0000000000013a40                _svfprintf_r
 .text.__sfputc_r
                0x0000000000013cbe       0x28 d:/joinnico/mounriver_studio/toolchain/risc-v embedded gcc/bin/../lib/gcc/riscv-none-embed/8.2.0/../../../../riscv-none-embed/lib/rv32imafc/ilp32f\libg_nano.a(lib_a-nano-vfprintf.o)
 .text.__sfputs_r
                0x0000000000013ce6       0x44 d:/joinnico/mounriver_studio/toolchain/risc-v embedded gcc/bin/../lib/gcc/riscv-none-embed/8.2.0/../../../../riscv-none-embed/lib/rv32imafc/ilp32f\libg_nano.a(lib_a-nano-vfprintf.o)
                0x0000000000013ce6                __sfputs_r
 .text._vfprintf_r
                0x0000000000013d2a      0x29e d:/joinnico/mounriver_studio/toolchain/risc-v embedded gcc/bin/../lib/gcc/riscv-none-embed/8.2.0/../../../../riscv-none-embed/lib/rv32imafc/ilp32f\libg_nano.a(lib_a-nano-vfprintf.o)
                0x0000000000013d2a                _vfprintf_r
                0x0000000000013d2a                _vfiprintf_r
 .text._sbrk_r  0x0000000000013fc8       0x32 d:/joinnico/mounriver_studio/toolchain/risc-v embedded gcc/bin/../lib/gcc/riscv-none-embed/8.2.0/../../../../riscv-none-embed/lib/rv32imafc/ilp32f\libg_nano.a(lib_a-sbrkr.o)
                0x0000000000013fc8                _sbrk_r
 .text.__sread  0x0000000000013ffa       0x30 d:/joinnico/mounriver_studio/toolchain/risc-v embedded gcc/bin/../lib/gcc/riscv-none-embed/8.2.0/../../../../riscv-none-embed/lib/rv32imafc/ilp32f\libg_nano.a(lib_a-stdio.o)
                0x0000000000013ffa                __sread
 .text.__swrite
                0x000000000001402a       0x4e d:/joinnico/mounriver_studio/toolchain/risc-v embedded gcc/bin/../lib/gcc/riscv-none-embed/8.2.0/../../../../riscv-none-embed/lib/rv32imafc/ilp32f\libg_nano.a(lib_a-stdio.o)
                0x000000000001402a                __swrite
 .text.__sseek  0x0000000000014078       0x36 d:/joinnico/mounriver_studio/toolchain/risc-v embedded gcc/bin/../lib/gcc/riscv-none-embed/8.2.0/../../../../riscv-none-embed/lib/rv32imafc/ilp32f\libg_nano.a(lib_a-stdio.o)
                0x0000000000014078                __sseek
 .text.__sclose
                0x00000000000140ae        0x6 d:/joinnico/mounriver_studio/toolchain/risc-v embedded gcc/bin/../lib/gcc/riscv-none-embed/8.2.0/../../../../riscv-none-embed/lib/rv32imafc/ilp32f\libg_nano.a(lib_a-stdio.o)
                0x00000000000140ae                __sclose
 .text.__swbuf_r
                0x00000000000140b4       0xc2 d:/joinnico/mounriver_studio/toolchain/risc-v embedded gcc/bin/../lib/gcc/riscv-none-embed/8.2.0/../../../../riscv-none-embed/lib/rv32imafc/ilp32f\libg_nano.a(lib_a-wbuf.o)
                0x00000000000140b4                __swbuf_r
 .text._write_r
                0x0000000000014176       0x36 d:/joinnico/mounriver_studio/toolchain/risc-v embedded gcc/bin/../lib/gcc/riscv-none-embed/8.2.0/../../../../riscv-none-embed/lib/rv32imafc/ilp32f\libg_nano.a(lib_a-writer.o)
                0x0000000000014176                _write_r
 .text.__swsetup_r
                0x00000000000141ac      0x110 d:/joinnico/mounriver_studio/toolchain/risc-v embedded gcc/bin/../lib/gcc/riscv-none-embed/8.2.0/../../../../riscv-none-embed/lib/rv32imafc/ilp32f\libg_nano.a(lib_a-wsetup.o)
                0x00000000000141ac                __swsetup_r
 .text._close_r
                0x00000000000142bc       0x32 d:/joinnico/mounriver_studio/toolchain/risc-v embedded gcc/bin/../lib/gcc/riscv-none-embed/8.2.0/../../../../riscv-none-embed/lib/rv32imafc/ilp32f\libg_nano.a(lib_a-closer.o)
                0x00000000000142bc                _close_r
 .text.__sflush_r
                0x00000000000142ee      0x13e d:/joinnico/mounriver_studio/toolchain/risc-v embedded gcc/bin/../lib/gcc/riscv-none-embed/8.2.0/../../../../riscv-none-embed/lib/rv32imafc/ilp32f\libg_nano.a(lib_a-fflush.o)
                0x00000000000142ee                __sflush_r
 .text._fflush_r
                0x000000000001442c       0x68 d:/joinnico/mounriver_studio/toolchain/risc-v embedded gcc/bin/../lib/gcc/riscv-none-embed/8.2.0/../../../../riscv-none-embed/lib/rv32imafc/ilp32f\libg_nano.a(lib_a-fflush.o)
                0x000000000001442c                _fflush_r
 .text._lseek_r
                0x0000000000014494       0x34 d:/joinnico/mounriver_studio/toolchain/risc-v embedded gcc/bin/../lib/gcc/riscv-none-embed/8.2.0/../../../../riscv-none-embed/lib/rv32imafc/ilp32f\libg_nano.a(lib_a-lseekr.o)
                0x0000000000014494                _lseek_r
 .text.__swhatbuf_r
                0x00000000000144c8       0x58 d:/joinnico/mounriver_studio/toolchain/risc-v embedded gcc/bin/../lib/gcc/riscv-none-embed/8.2.0/../../../../riscv-none-embed/lib/rv32imafc/ilp32f\libg_nano.a(lib_a-makebuf.o)
                0x00000000000144c8                __swhatbuf_r
 .text.__smakebuf_r
                0x0000000000014520       0xa0 d:/joinnico/mounriver_studio/toolchain/risc-v embedded gcc/bin/../lib/gcc/riscv-none-embed/8.2.0/../../../../riscv-none-embed/lib/rv32imafc/ilp32f\libg_nano.a(lib_a-makebuf.o)
                0x0000000000014520                __smakebuf_r
 .text.__ascii_mbtowc
                0x00000000000145c0       0x3a d:/joinnico/mounriver_studio/toolchain/risc-v embedded gcc/bin/../lib/gcc/riscv-none-embed/8.2.0/../../../../riscv-none-embed/lib/rv32imafc/ilp32f\libg_nano.a(lib_a-mbtowc_r.o)
                0x00000000000145c0                __ascii_mbtowc
 .text.memmove  0x00000000000145fa       0x4a d:/joinnico/mounriver_studio/toolchain/risc-v embedded gcc/bin/../lib/gcc/riscv-none-embed/8.2.0/../../../../riscv-none-embed/lib/rv32imafc/ilp32f\libg_nano.a(lib_a-memmove.o)
                0x00000000000145fa                memmove
 .text.__malloc_lock
                0x0000000000014644        0x2 d:/joinnico/mounriver_studio/toolchain/risc-v embedded gcc/bin/../lib/gcc/riscv-none-embed/8.2.0/../../../../riscv-none-embed/lib/rv32imafc/ilp32f\libg_nano.a(lib_a-mlock.o)
                0x0000000000014644                __malloc_lock
 .text.__malloc_unlock
                0x0000000000014646        0x2 d:/joinnico/mounriver_studio/toolchain/risc-v embedded gcc/bin/../lib/gcc/riscv-none-embed/8.2.0/../../../../riscv-none-embed/lib/rv32imafc/ilp32f\libg_nano.a(lib_a-mlock.o)
                0x0000000000014646                __malloc_unlock
 .text._realloc_r
                0x0000000000014648       0x58 d:/joinnico/mounriver_studio/toolchain/risc-v embedded gcc/bin/../lib/gcc/riscv-none-embed/8.2.0/../../../../riscv-none-embed/lib/rv32imafc/ilp32f\libg_nano.a(lib_a-nano-reallocr.o)
                0x0000000000014648                _realloc_r
 .text._read_r  0x00000000000146a0       0x34 d:/joinnico/mounriver_studio/toolchain/risc-v embedded gcc/bin/../lib/gcc/riscv-none-embed/8.2.0/../../../../riscv-none-embed/lib/rv32imafc/ilp32f\libg_nano.a(lib_a-readr.o)
                0x00000000000146a0                _read_r
 .text.__ascii_wctomb
                0x00000000000146d4       0x20 d:/joinnico/mounriver_studio/toolchain/risc-v embedded gcc/bin/../lib/gcc/riscv-none-embed/8.2.0/../../../../riscv-none-embed/lib/rv32imafc/ilp32f\libg_nano.a(lib_a-wctomb_r.o)
                0x00000000000146d4                __ascii_wctomb
 .text._fstat_r
                0x00000000000146f4       0x32 d:/joinnico/mounriver_studio/toolchain/risc-v embedded gcc/bin/../lib/gcc/riscv-none-embed/8.2.0/../../../../riscv-none-embed/lib/rv32imafc/ilp32f\libg_nano.a(lib_a-fstatr.o)
                0x00000000000146f4                _fstat_r
 .text._isatty_r
                0x0000000000014726       0x30 d:/joinnico/mounriver_studio/toolchain/risc-v embedded gcc/bin/../lib/gcc/riscv-none-embed/8.2.0/../../../../riscv-none-embed/lib/rv32imafc/ilp32f\libg_nano.a(lib_a-isattyr.o)
                0x0000000000014726                _isatty_r
 .text._malloc_usable_size_r
                0x0000000000014756       0x14 d:/joinnico/mounriver_studio/toolchain/risc-v embedded gcc/bin/../lib/gcc/riscv-none-embed/8.2.0/../../../../riscv-none-embed/lib/rv32imafc/ilp32f\libg_nano.a(lib_a-nano-msizer.o)
                0x0000000000014756                _malloc_usable_size_r
 .text.__trunctfdf2
                0x000000000001476a      0x3d0 d:/joinnico/mounriver_studio/toolchain/risc-v embedded gcc/bin/../lib/gcc/riscv-none-embed/8.2.0/rv32imafc/ilp32f\libgcc.a(trunctfdf2.o)
                0x000000000001476a                __trunctfdf2
 .text._close   0x0000000000014b3a       0x10 d:/joinnico/mounriver_studio/toolchain/risc-v embedded gcc/bin/../lib/gcc/riscv-none-embed/8.2.0/../../../../riscv-none-embed/lib/rv32imafc/ilp32f\libnosys.a(close.o)
                0x0000000000014b3a                _close
 .text._fstat   0x0000000000014b4a       0x10 d:/joinnico/mounriver_studio/toolchain/risc-v embedded gcc/bin/../lib/gcc/riscv-none-embed/8.2.0/../../../../riscv-none-embed/lib/rv32imafc/ilp32f\libnosys.a(fstat.o)
                0x0000000000014b4a                _fstat
 .text._isatty  0x0000000000014b5a       0x10 d:/joinnico/mounriver_studio/toolchain/risc-v embedded gcc/bin/../lib/gcc/riscv-none-embed/8.2.0/../../../../riscv-none-embed/lib/rv32imafc/ilp32f\libnosys.a(isatty.o)
                0x0000000000014b5a                _isatty
 .text._lseek   0x0000000000014b6a       0x10 d:/joinnico/mounriver_studio/toolchain/risc-v embedded gcc/bin/../lib/gcc/riscv-none-embed/8.2.0/../../../../riscv-none-embed/lib/rv32imafc/ilp32f\libnosys.a(lseek.o)
                0x0000000000014b6a                _lseek
 .text._read    0x0000000000014b7a       0x10 d:/joinnico/mounriver_studio/toolchain/risc-v embedded gcc/bin/../lib/gcc/riscv-none-embed/8.2.0/../../../../riscv-none-embed/lib/rv32imafc/ilp32f\libnosys.a(read.o)
                0x0000000000014b7a                _read
 *(.rodata)
 *(.rodata*)
 *fill*         0x0000000000014b8a        0x2 
 .rodata.adc_mean_filter_convert.str1.4
                0x0000000000014b8c       0x5f ./zf_driver/zf_driver_adc.o
 *fill*         0x0000000000014beb        0x1 
 .rodata.encoder_get_count
                0x0000000000014bec       0x28 ./zf_driver/zf_driver_encoder.o
 .rodata.encoder_clear_count
                0x0000000000014c14       0x28 ./zf_driver/zf_driver_encoder.o
 .rodata.encoder_quad_init
                0x0000000000014c3c       0x28 ./zf_driver/zf_driver_encoder.o
 .rodata.encoder_quad_init.str1.4
                0x0000000000014c64       0x63 ./zf_driver/zf_driver_encoder.o
 *fill*         0x0000000000014cc7        0x1 
 .rodata.flash_check.str1.4
                0x0000000000014cc8       0x61 ./zf_driver/zf_driver_flash.o
 *fill*         0x0000000000014d29        0x3 
 .rodata.pwm_set_duty
                0x0000000000014d2c       0x28 ./zf_driver/zf_driver_pwm.o
 .rodata.pwm_init
                0x0000000000014d54       0x28 ./zf_driver/zf_driver_pwm.o
 .rodata.pwm_set_duty.str1.4
                0x0000000000014d7c       0x5f ./zf_driver/zf_driver_pwm.o
 *fill*         0x0000000000014ddb        0x1 
 .rodata.soft_iic_start.str1.4
                0x0000000000014ddc       0x64 ./zf_driver/zf_driver_soft_iic.o
 .rodata.spi_index
                0x0000000000014e40        0xc ./zf_driver/zf_driver_spi.o
                0x0000000000014e40                spi_index
 .rodata.spi_init.str1.4
                0x0000000000014e4c       0x5f ./zf_driver/zf_driver_spi.o
 *fill*         0x0000000000014eab        0x1 
 .rodata.uart_index
                0x0000000000014eac       0x20 ./zf_driver/zf_driver_uart.o
                0x0000000000014eac                uart_index
 .rodata.uart_write_buffer.str1.4
                0x0000000000014ecc       0x60 ./zf_driver/zf_driver_uart.o
 .rodata.icm20602_init.cst4
                0x0000000000014f2c        0x8 ./zf_device/zf_device_icm20602.o
 .rodata.icm20602_init.str1.4
                0x0000000000014f34       0x97 ./zf_device/zf_device_icm20602.o
 *fill*         0x0000000000014fcb        0x1 
 .rodata.ips200_set_region.str1.4
                0x0000000000014fcc       0x62 ./zf_device/zf_device_ips200.o
 *fill*         0x000000000001502e        0x2 
 .rodata.ips200_show_float.cst8
                0x0000000000015030       0x10 ./zf_device/zf_device_ips200.o
 .rodata.mt9v03x_init.str1.4
                0x0000000000015040       0x9e ./zf_device/zf_device_mt9v03x_dvp.o
 *fill*         0x00000000000150de        0x2 
 .rodata.debug_assert_handler.str1.4
                0x00000000000150e0        0xd ./zf_common/zf_common_debug.o
 *fill*         0x00000000000150ed        0x3 
 .rodata.debug_log_handler.str1.4
                0x00000000000150f0        0xc ./zf_common/zf_common_debug.o
 .rodata.debug_output.str1.4
                0x00000000000150fc       0x59 ./zf_common/zf_common_debug.o
 *fill*         0x0000000000015155        0x3 
 .rodata.fifo_clear.str1.4
                0x0000000000015158       0x60 ./zf_common/zf_common_fifo.o
 .rodata.ascii_font_6x8
                0x00000000000151b8      0x228 ./zf_common/zf_common_font.o
                0x00000000000151b8                ascii_font_6x8
 .rodata.ascii_font_8x16
                0x00000000000153e0      0x5f0 ./zf_common/zf_common_font.o
                0x00000000000153e0                ascii_font_8x16
 .rodata.func_str_to_double.cst8
                0x00000000000159d0        0x8 ./zf_common/zf_common_function.o
                                         0x18 (size before relaxing)
 .rodata.func_str_to_int.str1.4
                0x00000000000159d8       0x64 ./zf_common/zf_common_function.o
 .rodata.FreeRTOS_Start.str1.4
                0x0000000000015a3c        0xb ./user_c/FreeRTOS_task.o
 *fill*         0x0000000000015a47        0x1 
 .rodata.start_task.str1.4
                0x0000000000015a48       0x30 ./user_c/FreeRTOS_task.o
 .rodata.HardFault_Handler.str1.4
                0x0000000000015a78       0x2e ./user_c/isr.o
 *fill*         0x0000000000015aa6        0x2 
 .rodata.main.str1.4
                0x0000000000015aa8       0x10 ./user_c/main.o
 .rodata.OTG_FS_IRQHandler
                0x0000000000015ab8       0xbc ./sdk/Peripheral/ch32v30x_usbotg_device.o
 .rodata.MyCfgDescrHD
                0x0000000000015b74       0x43 ./sdk/Peripheral/ch32v30x_usbotg_device.o
                0x0000000000015b74                MyCfgDescrHD
 *fill*         0x0000000000015bb7        0x1 
 .rodata.MyDevDescrHD
                0x0000000000015bb8       0x12 ./sdk/Peripheral/ch32v30x_usbotg_device.o
                0x0000000000015bb8                MyDevDescrHD
 *fill*         0x0000000000015bca        0x2 
 .rodata.MyManuInfoHD
                0x0000000000015bcc        0xe ./sdk/Peripheral/ch32v30x_usbotg_device.o
                0x0000000000015bcc                MyManuInfoHD
 *fill*         0x0000000000015bda        0x2 
 .rodata.MyProdInfoHD
                0x0000000000015bdc        0xc ./sdk/Peripheral/ch32v30x_usbotg_device.o
                0x0000000000015bdc                MyProdInfoHD
 .rodata.MyReportDescHD
                0x0000000000015be8       0x14 ./sdk/Peripheral/ch32v30x_usbotg_device.o
                0x0000000000015be8                MyReportDescHD
 .rodata.MySerNumInfoHD
                0x0000000000015bfc       0x16 ./sdk/Peripheral/ch32v30x_usbotg_device.o
                0x0000000000015bfc                MySerNumInfoHD
 *fill*         0x0000000000015c12        0x2 
 .rodata.MyUSBQUADescHD
                0x0000000000015c14        0xa ./sdk/Peripheral/ch32v30x_usbotg_device.o
                0x0000000000015c14                MyUSBQUADescHD
 *fill*         0x0000000000015c1e        0x2 
 .rodata.OTG_FS_IRQHandler.str1.4
                0x0000000000015c20       0x41 ./sdk/Peripheral/ch32v30x_usbotg_device.o
 *fill*         0x0000000000015c61        0x3 
 .rodata.decision
                0x0000000000015c64      0x178 ./code/decision.o
 .rodata.angular_velocity_decision.cst4
                0x0000000000015ddc        0x8 ./code/decision.o
 .rodata.decision.cst4
                0x0000000000015de4       0x10 ./code/decision.o
 *fill*         0x0000000000015df4        0x4 
 .rodata.decision.cst8
                0x0000000000015df8       0x18 ./code/decision.o
 .rodata.Encoder_Init.cst4
                0x0000000000015e10        0xc ./code/encoder.o
 .rodata.update_speed_and_distance.cst4
                0x0000000000015e1c        0x4 ./code/encoder.o
 .rodata.update_speed_and_distance.cst8
                0x0000000000015e20        0x8 ./code/encoder.o
 .rodata.update_voltage.cst8
                0x0000000000015e28       0x10 ./code/encoder.o
 .rodata.filter_weight
                0x0000000000015e38       0x28 ./code/filter.o
                0x0000000000015e38                filter_weight
 .rodata.filter_weight_2
                0x0000000000015e60       0x28 ./code/filter.o
                0x0000000000015e60                filter_weight_2
 .rodata.detect_circle_image
                0x0000000000015e88       0x6c ./code/identify.o
 .rodata.detect_block.cst4
                0x0000000000015ef4        0x4 ./code/identify.o
 .rodata.detect_circle_image.cst4
                0x0000000000015ef8        0x4 ./code/identify.o
                                         0x10 (size before relaxing)
 *fill*         0x0000000000015efc        0x4 
 .rodata.detect_circle_image.cst8
                0x0000000000015f00        0x8 ./code/identify.o
 .rodata.detect_stop.cst4
                0x0000000000015f08        0x4 ./code/identify.o
                                          0x8 (size before relaxing)
 .rodata.GetWeightMembership.cst4
                0x0000000000015f0c        0x4 ./code/imageplus.o
                                          0x8 (size before relaxing)
 .rodata.Otsu1D.cst4
                0x0000000000015f10        0x4 ./code/imageplus.o
 .rodata.calc_image_error.cst4
                0x0000000000015f10        0x4 ./code/imageplus.o
 .rodata.calc_middle_line_curvity.cst4
                0x0000000000015f10        0x4 ./code/imageplus.o
                                          0x8 (size before relaxing)
 .rodata.calc_middleline_variance.cst4
                0x0000000000015f14        0x4 ./code/imageplus.o
 .rodata.get_edge_gradient_variance.cst4
                0x0000000000015f18        0x4 ./code/imageplus.o
 .rodata.lq_sobelAutoThreshold.cst4
                0x0000000000015f18        0x4 ./code/imageplus.o
 *fill*         0x0000000000015f1c        0x4 
 .rodata.search_circle.cst8
                0x0000000000015f20        0x8 ./code/imageplus.o
 .rodata.search_cross.cst8
                0x0000000000015f28        0x8 ./code/imageplus.o
 .rodata.Prepare_Data.cst4
                0x0000000000015f30        0x4 ./code/imu.o
 .rodata.MOTOR_ControlLoop.cst4
                0x0000000000015f34        0x4 ./code/motor.o
 .rodata.MOTOR_ControlLoop.cst8
                0x0000000000015f34        0x8 ./code/motor.o
 .rodata.Side_Motor_ControlLoop.cst4